[2026-09-19T19:37:30.357Z] ◇ injected env (8) from .env [2m// tip: ⌘ multiple files { path: ['.env.local', '.env'] }[0m
[2026-09-19T19:37:30.383Z] --- VERIFICANDO VARIABLES QUE LEE NODE ---
[2026-09-19T19:37:30.383Z] HOST: localhost
[2026-09-19T19:37:30.384Z] USER: ForeingCreator2
[2026-09-19T19:37:30.384Z] DB NAME: foreign_tracks_db
[2026-09-19T19:37:30.385Z] PORT: 3306
[2026-09-19T19:37:30.385Z] -----------------------------------------
[2026-09-19T19:37:30.871Z] ◇ injected env (0) from .env [2m// tip: ⌘ custom filepath { path: '/custom/path/.env' }[0m
[2026-09-19T19:37:31.321Z] Executing (e3b2a086-496d-40b3-b472-09abbf4f9a34): START TRANSACTION;
[2026-09-19T19:37:31.348Z] Executing (e3b2a086-496d-40b3-b472-09abbf4f9a34): SELECT `id`, `name`, `description` FROM `Scenarios` AS `Scenario` WHERE `Scenario`.`name` = 'Hotel';
[2026-09-19T19:37:31.353Z] Executing (default): SELECT 1+1 AS result
[2026-09-19T19:37:31.368Z] ✅ Conexión a MariaDB establecida exitosamente.
[2026-09-19T19:37:31.384Z] Executing (default): SELECT TABLE_NAME FROM INFORMATION_SCHEMA.TABLES WHERE TABLE_TYPE = 'BASE TABLE' AND TABLE_NAME = 'Players' AND TABLE_SCHEMA = 'foreign_tracks_db'
[2026-09-19T19:37:31.401Z] Executing (default): SHOW INDEX FROM `Players`
[2026-09-19T19:37:31.410Z] Executing (e3b2a086-496d-40b3-b472-09abbf4f9a34): COMMIT;
[2026-09-19T19:37:31.414Z] ℹ️ Escenario "Hotel" ya existía en la base de datos.
[2026-09-19T19:37:31.416Z] Executing (1acedea8-e999-4521-a7fe-365445d06c1c): START TRANSACTION;
[2026-09-19T19:37:31.429Z] Executing (default): SELECT TABLE_NAME FROM INFORMATION_SCHEMA.TABLES WHERE TABLE_TYPE = 'BASE TABLE' AND TABLE_NAME = 'Teachers' AND TABLE_SCHEMA = 'foreign_tracks_db'
[2026-09-19T19:37:31.434Z] Executing (1acedea8-e999-4521-a7fe-365445d06c1c): SELECT `id`, `title`, `description`, `minEnglishScore`, `minHealth` FROM `Endings` AS `Ending` WHERE `Ending`.`id` = 100;
[2026-09-19T19:37:31.445Z] Executing (1acedea8-e999-4521-a7fe-365445d06c1c): COMMIT;
[2026-09-19T19:37:31.450Z] Executing (default): SHOW INDEX FROM `Teachers`
[2026-09-19T19:37:31.455Z] ℹ️ Registro en Ending (id: 100) ya existía.
[2026-09-19T19:37:31.461Z] Executing (default): DELETE FROM `DialogueNodes` WHERE `scenarioId` = 1
[2026-09-19T19:37:31.467Z] Executing (default): SELECT TABLE_NAME FROM INFORMATION_SCHEMA.TABLES WHERE TABLE_TYPE = 'BASE TABLE' AND TABLE_NAME = 'Scenarios' AND TABLE_SCHEMA = 'foreign_tracks_db'
[2026-09-19T19:37:31.476Z] Executing (default): SHOW INDEX FROM `Scenarios`
[2026-09-19T19:37:31.498Z] Executing (default): INSERT INTO `DialogueNodes` (`id`,`situationTextEn`,`correctAnswerPattern`,`wrongAnswer`,`feedbackText`,`targetPlayer`,`stepIndex`,`scenarioId`) VALUES (NULL,'Hey there, guys! Who are you all?','We are travelers.','I am a tourist..','{\"❌ Atención al grupo\":\"Seleccionaste \'I am\', una forma que sirve para hablar solo de ti (singular).\"}',1,1,1),(NULL,'Do you all have your IDs? What do you guys have?','Here are our passports.','I have a red bag.','{\"❌ Revisa la pregunta\":\"Te han pedido los documentos de identidad (IDs), pero respondiste sobre una mochila (bag) y de forma individual.\"}',2,2,1),(NULL,'And your luggage? What color are your bags?','Our suitcases are yellow and blue.','My suitcase is blue.','{\"❌ Falta el equipaje del resto\":\"Usaste \'My\' (Mi), lo que responde únicamente por tu maleta.\"}',3,3,1),(NULL,'Got it! How long are you guys staying here?','We are staying for two nights. Thanks!','I am staying one day.','{\"❌ Registro incompleto\":\"Indicar \'I am staying\' registra a una sola persona y dejaría a tus compañeros fuera del hotel.\"}',4,4,1);
[2026-09-19T19:37:31.509Z] Executing (default): SELECT TABLE_NAME FROM INFORMATION_SCHEMA.TABLES WHERE TABLE_TYPE = 'BASE TABLE' AND TABLE_NAME = 'Endings' AND TABLE_SCHEMA = 'foreign_tracks_db'
[2026-09-19T19:37:31.513Z] Executing (default): SHOW INDEX FROM `Endings`
[2026-09-19T19:37:31.521Z] 🌱 Nodos de diálogo del Hotel insertados correctamente (sin duplicados).
[2026-09-19T19:37:31.525Z] Executing (default): SELECT TABLE_NAME FROM INFORMATION_SCHEMA.TABLES WHERE TABLE_TYPE = 'BASE TABLE' AND TABLE_NAME = 'DialogueNodes' AND TABLE_SCHEMA = 'foreign_tracks_db'
[2026-09-19T19:37:31.530Z] Executing (default): SHOW INDEX FROM `DialogueNodes`
[2026-09-19T19:37:31.534Z] Executing (default): SELECT TABLE_NAME FROM INFORMATION_SCHEMA.TABLES WHERE TABLE_TYPE = 'BASE TABLE' AND TABLE_NAME = 'GroupRooms' AND TABLE_SCHEMA = 'foreign_tracks_db'
[2026-09-19T19:37:31.538Z] Executing (default): SHOW INDEX FROM `GroupRooms`
[2026-09-19T19:37:31.549Z] Executing (default): SELECT TABLE_NAME FROM INFORMATION_SCHEMA.TABLES WHERE TABLE_TYPE = 'BASE TABLE' AND TABLE_NAME = 'RoomPlayers' AND TABLE_SCHEMA = 'foreign_tracks_db'
[2026-09-19T19:37:31.553Z] Executing (default): SHOW INDEX FROM `RoomPlayers`
[2026-09-19T19:37:31.564Z] Executing (default): SELECT TABLE_NAME FROM INFORMATION_SCHEMA.TABLES WHERE TABLE_TYPE = 'BASE TABLE' AND TABLE_NAME = 'GameSessions' AND TABLE_SCHEMA = 'foreign_tracks_db'
[2026-09-19T19:37:31.569Z] Executing (default): SHOW INDEX FROM `GameSessions`
[2026-09-19T19:37:31.582Z] Executing (default): SELECT TABLE_NAME FROM INFORMATION_SCHEMA.TABLES WHERE TABLE_TYPE = 'BASE TABLE' AND TABLE_NAME = 'PlayerResponses' AND TABLE_SCHEMA = 'foreign_tracks_db'
[2026-09-19T19:37:31.588Z] Executing (default): SHOW INDEX FROM `PlayerResponses`
[2026-09-19T19:37:31.594Z] ✅ Base de datos sincronizada (force: false, alter: false)
[2026-09-19T19:37:31.596Z] Executing (36f4ff50-4909-4eee-8f53-9ca75fbce28f): START TRANSACTION;
[2026-09-19T19:37:31.600Z] Executing (36f4ff50-4909-4eee-8f53-9ca75fbce28f): SELECT `id`, `name`, `description` FROM `Scenarios` AS `Scenario` WHERE `Scenario`.`name` = 'Hotel';
[2026-09-19T19:37:31.605Z] Executing (36f4ff50-4909-4eee-8f53-9ca75fbce28f): COMMIT;
[2026-09-19T19:37:31.607Z] ℹ️ Escenario "Hotel" ya existía en la base de datos.
[2026-09-19T19:37:31.608Z] Executing (e87fa556-a1ff-4465-8d21-ed862d4aa97d): START TRANSACTION;
[2026-09-19T19:37:31.612Z] Executing (e87fa556-a1ff-4465-8d21-ed862d4aa97d): SELECT `id`, `title`, `description`, `minEnglishScore`, `minHealth` FROM `Endings` AS `Ending` WHERE `Ending`.`id` = 100;
[2026-09-19T19:37:31.615Z] Executing (e87fa556-a1ff-4465-8d21-ed862d4aa97d): COMMIT;
[2026-09-19T19:37:31.617Z] ℹ️ Registro en Ending (id: 100) ya existía.
[2026-09-19T19:37:31.618Z] Executing (default): DELETE FROM `DialogueNodes` WHERE `scenarioId` = 1
[2026-09-19T19:37:31.629Z] Executing (default): INSERT INTO `DialogueNodes` (`id`,`situationTextEn`,`correctAnswerPattern`,`wrongAnswer`,`feedbackText`,`targetPlayer`,`stepIndex`,`scenarioId`) VALUES (NULL,'Hey there, guys! Who are you all?','We are travelers.','I am a tourist..','{\"❌ Atención al grupo\":\"Seleccionaste \'I am\', una forma que sirve para hablar solo de ti (singular).\"}',1,1,1),(NULL,'Do you all have your IDs? What do you guys have?','Here are our passports.','I have a red bag.','{\"❌ Revisa la pregunta\":\"Te han pedido los documentos de identidad (IDs), pero respondiste sobre una mochila (bag) y de forma individual.\"}',2,2,1),(NULL,'And your luggage? What color are your bags?','Our suitcases are yellow and blue.','My suitcase is blue.','{\"❌ Falta el equipaje del resto\":\"Usaste \'My\' (Mi), lo que responde únicamente por tu maleta.\"}',3,3,1),(NULL,'Got it! How long are you guys staying here?','We are staying for two nights. Thanks!','I am staying one day.','{\"❌ Registro incompleto\":\"Indicar \'I am staying\' registra a una sola persona y dejaría a tus compañeros fuera del hotel.\"}',4,4,1);
[2026-09-19T19:37:31.636Z] 🌱 Nodos de diálogo del Hotel insertados correctamente (sin duplicados).
[2026-09-19T19:37:31.649Z] 🚀 Servidor ejecutándose en http://localhost:3000
[2026-09-19T19:37:31.650Z] 🔐 Rutas de autenticación disponibles en http://localhost:3000/api/auth
[2026-09-19T19:37:31.650Z] 🎬 Rutas de escenarios disponibles en http://localhost:3000/api/scenarios
[2026-09-19T19:37:31.650Z] 🏠 Rutas de salas disponibles en http://localhost:3000/api/rooms
[2026-09-19T19:37:45.696Z] 🔌 WebSocket conectado:
[2026-09-19T19:37:45.699Z]    - Socket ID: ff4LRkRMH4wgzeGCAAAB
[2026-09-19T19:37:45.699Z]    - Usuario: Student
[2026-09-19T19:37:45.699Z]    - Rol: player
[2026-09-19T19:37:45.700Z]    - Identidad: Player ID: guest-ff4LRkRMH4wgzeGCAAAB
[2026-09-30T20:32:41.523Z] ◇ injected env (8) from .env [2m// tip: ⌁ auth for agents [www.vestauth.com][0m
[2026-09-30T20:32:41.564Z] --- VERIFICANDO VARIABLES QUE LEE NODE ---
[2026-09-30T20:32:41.565Z] HOST: localhost
[2026-09-30T20:32:41.565Z] USER: ForeingCreator2
[2026-09-30T20:32:41.566Z] DB NAME: foreign_tracks_db
[2026-09-30T20:32:41.567Z] PORT: 3306
[2026-09-30T20:32:41.568Z] -----------------------------------------
[2026-09-30T20:32:42.589Z] ◇ injected env (0) from .env [2m// tip: ⌘ override existing { override: true }[0m
[2026-09-30T20:32:43.640Z] Executing (eab467b1-fb05-4b80-b1db-cf9ab0b18a6e): START TRANSACTION;
[2026-09-30T20:32:43.683Z] Executing (eab467b1-fb05-4b80-b1db-cf9ab0b18a6e): SELECT `id`, `name`, `description` FROM `Scenarios` AS `Scenario` WHERE `Scenario`.`name` = 'Hotel';
[2026-09-30T20:32:43.698Z] Executing (default): SELECT 1+1 AS result
[2026-09-30T20:32:43.708Z] ✅ Conexión a MariaDB establecida exitosamente.
[2026-09-30T20:32:43.718Z] Executing (default): SELECT TABLE_NAME FROM INFORMATION_SCHEMA.TABLES WHERE TABLE_TYPE = 'BASE TABLE' AND TABLE_NAME = 'Players' AND TABLE_SCHEMA = 'foreign_tracks_db'
[2026-09-30T20:32:43.730Z] Executing (eab467b1-fb05-4b80-b1db-cf9ab0b18a6e): COMMIT;
[2026-09-30T20:32:43.737Z] Executing (default): SHOW INDEX FROM `Players`
[2026-09-30T20:32:43.741Z] ℹ️ Escenario "Hotel" ya existía en la base de datos.
[2026-09-30T20:32:43.744Z] Executing (550a1eb7-75eb-416c-b6c6-76c401077e93): START TRANSACTION;
[2026-09-30T20:32:43.753Z] Executing (default): SELECT TABLE_NAME FROM INFORMATION_SCHEMA.TABLES WHERE TABLE_TYPE = 'BASE TABLE' AND TABLE_NAME = 'Teachers' AND TABLE_SCHEMA = 'foreign_tracks_db'
[2026-09-30T20:32:43.760Z] Executing (550a1eb7-75eb-416c-b6c6-76c401077e93): SELECT `id`, `title`, `description`, `minEnglishScore`, `minHealth` FROM `Endings` AS `Ending` WHERE `Ending`.`id` = 100;
[2026-09-30T20:32:43.767Z] Executing (default): SHOW INDEX FROM `Teachers`
[2026-09-30T20:32:43.776Z] Executing (550a1eb7-75eb-416c-b6c6-76c401077e93): COMMIT;
[2026-09-30T20:32:43.783Z] Executing (default): SELECT TABLE_NAME FROM INFORMATION_SCHEMA.TABLES WHERE TABLE_TYPE = 'BASE TABLE' AND TABLE_NAME = 'Scenarios' AND TABLE_SCHEMA = 'foreign_tracks_db'
[2026-09-30T20:32:43.792Z] ℹ️ Registro en Ending (id: 100) ya existía.
[2026-09-30T20:32:43.806Z] Executing (default): DELETE FROM `DialogueNodes` WHERE `scenarioId` = 1
[2026-09-30T20:32:43.830Z] Executing (default): SHOW INDEX FROM `Scenarios`
[2026-09-30T20:32:43.844Z] Executing (default): SELECT TABLE_NAME FROM INFORMATION_SCHEMA.TABLES WHERE TABLE_TYPE = 'BASE TABLE' AND TABLE_NAME = 'Endings' AND TABLE_SCHEMA = 'foreign_tracks_db'
[2026-09-30T20:32:43.887Z] Executing (default): INSERT INTO `DialogueNodes` (`id`,`situationTextEn`,`correctAnswerPattern`,`wrongAnswer`,`feedbackText`,`targetPlayer`,`stepIndex`,`scenarioId`) VALUES (NULL,'Hey there, guys! Who are you all?','We are travelers.','I am a tourist..','{\"❌ Atención al grupo\":\"Seleccionaste \'I am\', una forma que sirve para hablar solo de ti (singular).\"}',1,1,1),(NULL,'Do you all have your IDs? What do you guys have?','Here are our passports.','I have a red bag.','{\"❌ Revisa la pregunta\":\"Te han pedido los documentos de identidad (IDs), pero respondiste sobre una mochila (bag) y de forma individual.\"}',2,2,1),(NULL,'And your luggage? What color are your bags?','Our suitcases are yellow and blue.','My suitcase is blue.','{\"❌ Falta el equipaje del resto\":\"Usaste \'My\' (Mi), lo que responde únicamente por tu maleta.\"}',3,3,1),(NULL,'Got it! How long are you guys staying here?','We are staying for two nights. Thanks!','I am staying one day.','{\"❌ Registro incompleto\":\"Indicar \'I am staying\' registra a una sola persona y dejaría a tus compañeros fuera del hotel.\"}',4,4,1);
[2026-09-30T20:32:43.911Z] Executing (default): SHOW INDEX FROM `Endings`
[2026-09-30T20:32:43.928Z] Executing (default): SELECT TABLE_NAME FROM INFORMATION_SCHEMA.TABLES WHERE TABLE_TYPE = 'BASE TABLE' AND TABLE_NAME = 'DialogueNodes' AND TABLE_SCHEMA = 'foreign_tracks_db'
[2026-09-30T20:32:43.934Z] 🌱 Nodos de diálogo del Hotel insertados correctamente (sin duplicados).
[2026-09-30T20:32:43.938Z] Executing (default): SHOW INDEX FROM `DialogueNodes`
[2026-09-30T20:32:43.948Z] Executing (default): SELECT TABLE_NAME FROM INFORMATION_SCHEMA.TABLES WHERE TABLE_TYPE = 'BASE TABLE' AND TABLE_NAME = 'GroupRooms' AND TABLE_SCHEMA = 'foreign_tracks_db'
[2026-09-30T20:32:43.953Z] Executing (default): SHOW INDEX FROM `GroupRooms`
[2026-09-30T20:32:43.967Z] Executing (default): SELECT TABLE_NAME FROM INFORMATION_SCHEMA.TABLES WHERE TABLE_TYPE = 'BASE TABLE' AND TABLE_NAME = 'RoomPlayers' AND TABLE_SCHEMA = 'foreign_tracks_db'
[2026-09-30T20:32:43.989Z] Executing (default): SHOW INDEX FROM `RoomPlayers`
[2026-09-30T20:32:43.995Z] Executing (default): SELECT TABLE_NAME FROM INFORMATION_SCHEMA.TABLES WHERE TABLE_TYPE = 'BASE TABLE' AND TABLE_NAME = 'GameSessions' AND TABLE_SCHEMA = 'foreign_tracks_db'
[2026-09-30T20:32:44.003Z] Executing (default): SHOW INDEX FROM `GameSessions`
[2026-09-30T20:32:44.009Z] Executing (default): SELECT TABLE_NAME FROM INFORMATION_SCHEMA.TABLES WHERE TABLE_TYPE = 'BASE TABLE' AND TABLE_NAME = 'PlayerResponses' AND TABLE_SCHEMA = 'foreign_tracks_db'
[2026-09-30T20:32:44.014Z] Executing (default): SHOW INDEX FROM `PlayerResponses`
[2026-09-30T20:32:44.021Z] ✅ Base de datos sincronizada (force: false, alter: false)
[2026-09-30T20:32:44.022Z] Executing (75d1320c-9edb-477a-a853-f2491ea682d9): START TRANSACTION;
[2026-09-30T20:32:44.027Z] Executing (75d1320c-9edb-477a-a853-f2491ea682d9): SELECT `id`, `name`, `description` FROM `Scenarios` AS `Scenario` WHERE `Scenario`.`name` = 'Hotel';
[2026-09-30T20:32:44.032Z] Executing (75d1320c-9edb-477a-a853-f2491ea682d9): COMMIT;
[2026-09-30T20:32:44.034Z] ℹ️ Escenario "Hotel" ya existía en la base de datos.
[2026-09-30T20:32:44.036Z] Executing (9f60999f-4062-4784-ba39-d2e7d0d44948): START TRANSACTION;
[2026-09-30T20:32:44.040Z] Executing (9f60999f-4062-4784-ba39-d2e7d0d44948): SELECT `id`, `title`, `description`, `minEnglishScore`, `minHealth` FROM `Endings` AS `Ending` WHERE `Ending`.`id` = 100;
[2026-09-30T20:32:44.043Z] Executing (9f60999f-4062-4784-ba39-d2e7d0d44948): COMMIT;
[2026-09-30T20:32:44.045Z] ℹ️ Registro en Ending (id: 100) ya existía.
[2026-09-30T20:32:44.047Z] Executing (default): DELETE FROM `DialogueNodes` WHERE `scenarioId` = 1
[2026-09-30T20:32:44.054Z] Executing (default): INSERT INTO `DialogueNodes` (`id`,`situationTextEn`,`correctAnswerPattern`,`wrongAnswer`,`feedbackText`,`targetPlayer`,`stepIndex`,`scenarioId`) VALUES (NULL,'Hey there, guys! Who are you all?','We are travelers.','I am a tourist..','{\"❌ Atención al grupo\":\"Seleccionaste \'I am\', una forma que sirve para hablar solo de ti (singular).\"}',1,1,1),(NULL,'Do you all have your IDs? What do you guys have?','Here are our passports.','I have a red bag.','{\"❌ Revisa la pregunta\":\"Te han pedido los documentos de identidad (IDs), pero respondiste sobre una mochila (bag) y de forma individual.\"}',2,2,1),(NULL,'And your luggage? What color are your bags?','Our suitcases are yellow and blue.','My suitcase is blue.','{\"❌ Falta el equipaje del resto\":\"Usaste \'My\' (Mi), lo que responde únicamente por tu maleta.\"}',3,3,1),(NULL,'Got it! How long are you guys staying here?','We are staying for two nights. Thanks!','I am staying one day.','{\"❌ Registro incompleto\":\"Indicar \'I am staying\' registra a una sola persona y dejaría a tus compañeros fuera del hotel.\"}',4,4,1);
[2026-09-30T20:32:44.064Z] 🌱 Nodos de diálogo del Hotel insertados correctamente (sin duplicados).
[2026-09-30T20:32:44.080Z] 🚀 Servidor ejecutándose en http://localhost:3000
[2026-09-30T20:32:44.081Z] 🔐 Rutas de autenticación disponibles en http://localhost:3000/api/auth
[2026-09-30T20:32:44.081Z] 🎬 Rutas de escenarios disponibles en http://localhost:3000/api/scenarios
[2026-09-30T20:32:44.081Z] 🏠 Rutas de salas disponibles en http://localhost:3000/api/rooms
[2026-09-30T20:33:19.309Z] 🔌 WebSocket conectado:
[2026-09-30T20:33:19.313Z]    - Socket ID: BEzrhVFfCoHTQRP6AAAB
[2026-09-30T20:33:19.313Z]    - Usuario: nan12365
[2026-09-30T20:33:19.313Z]    - Rol: teacher
[2026-09-30T20:33:19.313Z]    - Identidad: Teacher ID: 3
[2026-09-30T20:33:19.320Z] 
===========================================
[2026-09-30T20:33:19.321Z] 🚀 ¡SALA CREADA EN ROOMHANDLER.JS!
[2026-09-30T20:33:19.321Z] 👨‍🏫 Profesor (Host): Nancy (ID DB: 3)
[2026-09-30T20:33:19.321Z] 🏠 Sala: SPIDERMAN
[2026-09-30T20:33:19.321Z] 🔑 Código ID: KXBJJ0
[2026-09-30T20:33:19.321Z] ===========================================

[2026-09-30T20:33:19.367Z] Executing (default): INSERT INTO `GroupRooms` (`id`,`groupName`,`accessCode`,`teacherId`,`createdAt`,`updatedAt`) VALUES (DEFAULT,?,?,?,?,?);
[2026-09-30T20:33:54.296Z] ⚠️ Profesor desconectado temporalmente (Socket: BEzrhVFfCoHTQRP6AAAB). Esperando 10s antes de cerrar sala...
[2026-09-30T20:33:54.307Z] ❌ Usuario desconectado (Socket: BEzrhVFfCoHTQRP6AAAB, User ID: 3) - Razón: transport close
[2026-09-30T20:33:56.061Z] 🔌 WebSocket conectado:
[2026-09-30T20:33:56.061Z]    - Socket ID: WPE5W72ZDiMgKplnAAAD
[2026-09-30T20:33:56.064Z]    - Usuario: Student
[2026-09-30T20:33:56.064Z]    - Rol: player
[2026-09-30T20:33:56.064Z]    - Identidad: Player ID: guest-WPE5W72ZDiMgKplnAAAD
[2026-09-30T20:34:04.305Z] ❌ El profesor no regresó. Cerrando sala KXBJJ0...
[2026-09-30T21:01:31.171Z] ❌ Usuario desconectado (Socket: WPE5W72ZDiMgKplnAAAD, User ID: guest-WPE5W72ZDiMgKplnAAAD) - Razón: transport close
[2026-10-01T16:42:23.977Z] ◇ injected env (8) from .env [2m// tip: ◈ encrypted .env [www.dotenvx.com][0m
[2026-10-01T16:42:23.995Z] --- VERIFICANDO VARIABLES QUE LEE NODE ---
[2026-10-01T16:42:23.996Z] HOST: localhost
[2026-10-01T16:42:23.999Z] USER: ForeingCreator2
[2026-10-01T16:42:24.002Z] DB NAME: foreign_tracks_db
[2026-10-01T16:42:24.004Z] PORT: 3306
[2026-10-01T16:42:24.007Z] -----------------------------------------
[2026-10-01T16:42:24.816Z] ◇ injected env (0) from .env [2m// tip: ⌁ auth for agents [www.vestauth.com][0m
[2026-10-01T16:42:26.759Z] Executing (aec58033-6b21-461b-aaa7-a18481e948d5): START TRANSACTION;
[2026-10-01T16:42:26.883Z] Executing (aec58033-6b21-461b-aaa7-a18481e948d5): SELECT `id`, `name`, `description` FROM `Scenarios` AS `Scenario` WHERE `Scenario`.`name` = 'Hotel';
[2026-10-01T16:42:26.903Z] Executing (default): SELECT 1+1 AS result
[2026-10-01T16:42:26.949Z] ✅ Conexión a MariaDB establecida exitosamente.
[2026-10-01T16:42:26.994Z] Executing (default): SELECT TABLE_NAME FROM INFORMATION_SCHEMA.TABLES WHERE TABLE_TYPE = 'BASE TABLE' AND TABLE_NAME = 'Players' AND TABLE_SCHEMA = 'foreign_tracks_db'
[2026-10-01T16:42:27.044Z] Executing (aec58033-6b21-461b-aaa7-a18481e948d5): COMMIT;
[2026-10-01T16:42:27.073Z] ℹ️ Escenario "Hotel" ya existía en la base de datos.
[2026-10-01T16:42:27.089Z] Executing (e978d0be-a264-42fc-a111-eb084b7d414f): START TRANSACTION;
[2026-10-01T16:42:27.121Z] Executing (default): SHOW INDEX FROM `Players`
[2026-10-01T16:42:27.155Z] Executing (e978d0be-a264-42fc-a111-eb084b7d414f): SELECT `id`, `title`, `description`, `minEnglishScore`, `minHealth` FROM `Endings` AS `Ending` WHERE `Ending`.`id` = 100;
[2026-10-01T16:42:27.212Z] Executing (default): SELECT TABLE_NAME FROM INFORMATION_SCHEMA.TABLES WHERE TABLE_TYPE = 'BASE TABLE' AND TABLE_NAME = 'Teachers' AND TABLE_SCHEMA = 'foreign_tracks_db'
[2026-10-01T16:42:27.244Z] Executing (e978d0be-a264-42fc-a111-eb084b7d414f): COMMIT;
[2026-10-01T16:42:27.267Z] Executing (default): SHOW INDEX FROM `Teachers`
[2026-10-01T16:42:27.278Z] ℹ️ Registro en Ending (id: 100) ya existía.
[2026-10-01T16:42:27.302Z] Executing (default): DELETE FROM `DialogueNodes` WHERE `scenarioId` = 1
[2026-10-01T16:42:27.331Z] Executing (default): SELECT TABLE_NAME FROM INFORMATION_SCHEMA.TABLES WHERE TABLE_TYPE = 'BASE TABLE' AND TABLE_NAME = 'Scenarios' AND TABLE_SCHEMA = 'foreign_tracks_db'
[2026-10-01T16:42:27.354Z] Executing (default): SHOW INDEX FROM `Scenarios`
[2026-10-01T16:42:27.430Z] Executing (default): INSERT INTO `DialogueNodes` (`id`,`situationTextEn`,`correctAnswerPattern`,`wrongAnswer`,`feedbackText`,`targetPlayer`,`stepIndex`,`scenarioId`) VALUES (NULL,'Hey there, guys! Who are you all?','We are travelers.','I am a tourist..','{\"❌ Atención al grupo\":\"Seleccionaste \'I am\', una forma que sirve para hablar solo de ti (singular).\"}',1,1,1),(NULL,'Do you all have your IDs? What do you guys have?','Here are our passports.','I have a red bag.','{\"❌ Revisa la pregunta\":\"Te han pedido los documentos de identidad (IDs), pero respondiste sobre una mochila (bag) y de forma individual.\"}',2,2,1),(NULL,'And your luggage? What color are your bags?','Our suitcases are yellow and blue.','My suitcase is blue.','{\"❌ Falta el equipaje del resto\":\"Usaste \'My\' (Mi), lo que responde únicamente por tu maleta.\"}',3,3,1),(NULL,'Got it! How long are you guys staying here?','We are staying for two nights. Thanks!','I am staying one day.','{\"❌ Registro incompleto\":\"Indicar \'I am staying\' registra a una sola persona y dejaría a tus compañeros fuera del hotel.\"}',4,4,1);
[2026-10-01T16:42:27.462Z] Executing (default): SELECT TABLE_NAME FROM INFORMATION_SCHEMA.TABLES WHERE TABLE_TYPE = 'BASE TABLE' AND TABLE_NAME = 'Endings' AND TABLE_SCHEMA = 'foreign_tracks_db'
[2026-10-01T16:42:27.467Z] 🌱 Nodos de diálogo del Hotel insertados correctamente (sin duplicados).
[2026-10-01T16:42:27.486Z] Executing (default): SHOW INDEX FROM `Endings`
[2026-10-01T16:42:27.497Z] Executing (default): SELECT TABLE_NAME FROM INFORMATION_SCHEMA.TABLES WHERE TABLE_TYPE = 'BASE TABLE' AND TABLE_NAME = 'DialogueNodes' AND TABLE_SCHEMA = 'foreign_tracks_db'
[2026-10-01T16:42:27.509Z] Executing (default): SHOW INDEX FROM `DialogueNodes`
[2026-10-01T16:42:27.522Z] Executing (default): SELECT TABLE_NAME FROM INFORMATION_SCHEMA.TABLES WHERE TABLE_TYPE = 'BASE TABLE' AND TABLE_NAME = 'GroupRooms' AND TABLE_SCHEMA = 'foreign_tracks_db'
[2026-10-01T16:42:27.545Z] Executing (default): SHOW INDEX FROM `GroupRooms`
[2026-10-01T16:42:27.572Z] Executing (default): SELECT TABLE_NAME FROM INFORMATION_SCHEMA.TABLES WHERE TABLE_TYPE = 'BASE TABLE' AND TABLE_NAME = 'RoomPlayers' AND TABLE_SCHEMA = 'foreign_tracks_db'
[2026-10-01T16:42:27.588Z] Executing (default): SHOW INDEX FROM `RoomPlayers`
[2026-10-01T16:42:27.621Z] Executing (default): SELECT TABLE_NAME FROM INFORMATION_SCHEMA.TABLES WHERE TABLE_TYPE = 'BASE TABLE' AND TABLE_NAME = 'GameSessions' AND TABLE_SCHEMA = 'foreign_tracks_db'
[2026-10-01T16:42:27.632Z] Executing (default): SHOW INDEX FROM `GameSessions`
[2026-10-01T16:42:27.665Z] Executing (default): SELECT TABLE_NAME FROM INFORMATION_SCHEMA.TABLES WHERE TABLE_TYPE = 'BASE TABLE' AND TABLE_NAME = 'PlayerResponses' AND TABLE_SCHEMA = 'foreign_tracks_db'
[2026-10-01T16:42:27.675Z] Executing (default): SHOW INDEX FROM `PlayerResponses`
[2026-10-01T16:42:27.703Z] ✅ Base de datos sincronizada (force: false, alter: false)
[2026-10-01T16:42:27.714Z] Executing (953c83f4-d348-460b-a26a-153968328aa4): START TRANSACTION;
[2026-10-01T16:42:27.732Z] Executing (953c83f4-d348-460b-a26a-153968328aa4): SELECT `id`, `name`, `description` FROM `Scenarios` AS `Scenario` WHERE `Scenario`.`name` = 'Hotel';
[2026-10-01T16:42:27.765Z] Executing (953c83f4-d348-460b-a26a-153968328aa4): COMMIT;
[2026-10-01T16:42:27.768Z] ℹ️ Escenario "Hotel" ya existía en la base de datos.
[2026-10-01T16:42:27.772Z] Executing (21820ad5-8628-4b97-bf2a-df77aee0f36d): START TRANSACTION;
[2026-10-01T16:42:27.786Z] Executing (21820ad5-8628-4b97-bf2a-df77aee0f36d): SELECT `id`, `title`, `description`, `minEnglishScore`, `minHealth` FROM `Endings` AS `Ending` WHERE `Ending`.`id` = 100;
[2026-10-01T16:42:27.795Z] Executing (21820ad5-8628-4b97-bf2a-df77aee0f36d): COMMIT;
[2026-10-01T16:42:27.813Z] ℹ️ Registro en Ending (id: 100) ya existía.
[2026-10-01T16:42:27.826Z] Executing (default): DELETE FROM `DialogueNodes` WHERE `scenarioId` = 1
[2026-10-01T16:42:27.867Z] Executing (default): INSERT INTO `DialogueNodes` (`id`,`situationTextEn`,`correctAnswerPattern`,`wrongAnswer`,`feedbackText`,`targetPlayer`,`stepIndex`,`scenarioId`) VALUES (NULL,'Hey there, guys! Who are you all?','We are travelers.','I am a tourist..','{\"❌ Atención al grupo\":\"Seleccionaste \'I am\', una forma que sirve para hablar solo de ti (singular).\"}',1,1,1),(NULL,'Do you all have your IDs? What do you guys have?','Here are our passports.','I have a red bag.','{\"❌ Revisa la pregunta\":\"Te han pedido los documentos de identidad (IDs), pero respondiste sobre una mochila (bag) y de forma individual.\"}',2,2,1),(NULL,'And your luggage? What color are your bags?','Our suitcases are yellow and blue.','My suitcase is blue.','{\"❌ Falta el equipaje del resto\":\"Usaste \'My\' (Mi), lo que responde únicamente por tu maleta.\"}',3,3,1),(NULL,'Got it! How long are you guys staying here?','We are staying for two nights. Thanks!','I am staying one day.','{\"❌ Registro incompleto\":\"Indicar \'I am staying\' registra a una sola persona y dejaría a tus compañeros fuera del hotel.\"}',4,4,1);
[2026-10-01T16:42:27.887Z] 🌱 Nodos de diálogo del Hotel insertados correctamente (sin duplicados).
[2026-10-01T16:42:27.947Z] 🚀 Servidor ejecutándose en http://localhost:3000
[2026-10-01T16:42:27.950Z] 🔐 Rutas de autenticación disponibles en http://localhost:3000/api/auth
[2026-10-01T16:42:27.951Z] 🎬 Rutas de escenarios disponibles en http://localhost:3000/api/scenarios
[2026-10-01T16:42:27.951Z] 🏠 Rutas de salas disponibles en http://localhost:3000/api/rooms
[2026-10-01T16:43:11.976Z] 🔌 WebSocket conectado:
[2026-10-01T16:43:11.976Z]    - Socket ID: XEqTVmYpKCjM3gEdAAAB
[2026-10-01T16:43:11.976Z]    - Usuario: Student
[2026-10-01T16:43:11.977Z]    - Rol: player
[2026-10-01T16:43:11.977Z]    - Identidad: Player ID: guest-XEqTVmYpKCjM3gEdAAAB
[2026-10-01T16:43:33.003Z] Executing (default): SELECT `id`, `name`, `username`, `passwordHash`, `createdAt`, `updatedAt` FROM `Teachers` AS `Teacher` WHERE `Teacher`.`username` = 'jaijhelo';
[2026-10-01T16:43:33.008Z] Executing (default): SELECT `id`, `name`, `username`, `passwordHash`, `createdAt`, `updatedAt` FROM `Players` AS `Player` WHERE `Player`.`username` = 'jaijhelo';
[2026-10-01T16:43:49.585Z] Executing (default): SELECT `id`, `name`, `username`, `passwordHash`, `createdAt`, `updatedAt` FROM `Teachers` AS `Teacher` WHERE `Teacher`.`username` = 'jaijhelo';
[2026-10-01T16:43:49.590Z] Executing (default): SELECT `id`, `name`, `username`, `passwordHash`, `createdAt`, `updatedAt` FROM `Players` AS `Player` WHERE `Player`.`username` = 'jaijhelo';
[2026-10-01T16:43:50.021Z] Executing (default): INSERT INTO `Teachers` (`id`,`name`,`username`,`passwordHash`,`createdAt`,`updatedAt`) VALUES (DEFAULT,?,?,?,?,?);
[2026-10-01T16:43:50.052Z] ❌ Usuario desconectado (Socket: XEqTVmYpKCjM3gEdAAAB, User ID: guest-XEqTVmYpKCjM3gEdAAAB) - Razón: client namespace disconnect
[2026-10-01T16:43:50.094Z] 🔌 WebSocket conectado:
[2026-10-01T16:43:50.094Z]    - Socket ID: pOSB8e6VX3_gQ3-1AAAD
[2026-10-01T16:43:50.094Z]    - Usuario: jaijhelo
[2026-10-01T16:43:50.094Z]    - Rol: teacher
[2026-10-01T16:43:50.094Z]    - Identidad: Teacher ID: 4
[2026-10-01T16:44:01.879Z] 
===========================================
[2026-10-01T16:44:01.880Z] 🚀 ¡SALA CREADA EN ROOMHANDLER.JS!
[2026-10-01T16:44:01.880Z] 👨‍🏫 Profesor (Host): Ariana Valeria Ramos Muñoz (ID DB: 4)
[2026-10-01T16:44:01.880Z] 🏠 Sala: SOFTWARE
[2026-10-01T16:44:01.880Z] 🔑 Código ID: OC016S
[2026-10-01T16:44:01.880Z] ===========================================

[2026-10-01T16:44:01.897Z] Executing (default): INSERT INTO `GroupRooms` (`id`,`groupName`,`accessCode`,`teacherId`,`createdAt`,`updatedAt`) VALUES (DEFAULT,?,?,?,?,?);
[2026-10-01T16:44:01.902Z] 💾 Sala registrada en MariaDB exitosamente (ID Registro: 38)
[2026-10-01T16:45:59.896Z] 🔌 WebSocket conectado:
[2026-10-01T16:45:59.897Z]    - Socket ID: 63qNOYkO6IKNY3H9AAAF
[2026-10-01T16:45:59.897Z]    - Usuario: Student
[2026-10-01T16:45:59.897Z]    - Rol: player
[2026-10-01T16:45:59.897Z]    - Identidad: Player ID: guest-63qNOYkO6IKNY3H9AAAF
[2026-10-01T16:46:01.054Z] ⚠️ Profesor desconectado temporalmente (Socket: pOSB8e6VX3_gQ3-1AAAD). Esperando 10s antes de cerrar sala...
[2026-10-01T16:46:01.055Z] ❌ Usuario desconectado (Socket: pOSB8e6VX3_gQ3-1AAAD, User ID: 4) - Razón: transport close
[2026-10-01T16:46:11.057Z] ❌ El profesor no regresó. Cerrando sala OC016S...
[2026-10-01T16:46:37.949Z] 🔌 WebSocket conectado:
[2026-10-01T16:46:37.949Z]    - Socket ID: krwyxhw-0ra0Y82PAAAH
[2026-10-01T16:46:37.949Z]    - Usuario: Student
[2026-10-01T16:46:37.949Z]    - Rol: player
[2026-10-01T16:46:37.949Z]    - Identidad: Player ID: guest-krwyxhw-0ra0Y82PAAAH
[2026-10-01T16:46:53.101Z] Executing (default): SELECT `id`, `name`, `username`, `passwordHash`, `createdAt`, `updatedAt` FROM `Teachers` AS `Teacher` WHERE `Teacher`.`username` = 'loukahkd';
[2026-10-01T16:46:53.105Z] Executing (default): SELECT `id`, `name`, `username`, `passwordHash`, `createdAt`, `updatedAt` FROM `Players` AS `Player` WHERE `Player`.`username` = 'loukahkd';
[2026-10-01T16:46:54.828Z] Executing (default): SELECT `id`, `name`, `username`, `passwordHash`, `createdAt`, `updatedAt` FROM `Teachers` AS `Teacher` WHERE `Teacher`.`username` = 'loukahkd';
[2026-10-01T16:46:54.832Z] Executing (default): SELECT `id`, `name`, `username`, `passwordHash`, `createdAt`, `updatedAt` FROM `Players` AS `Player` WHERE `Player`.`username` = 'loukahkd';
[2026-10-01T16:46:55.178Z] Executing (default): INSERT INTO `Players` (`id`,`name`,`username`,`passwordHash`,`createdAt`,`updatedAt`) VALUES (DEFAULT,?,?,?,?,?);
[2026-10-01T16:46:55.211Z] ❌ Usuario desconectado (Socket: krwyxhw-0ra0Y82PAAAH, User ID: guest-krwyxhw-0ra0Y82PAAAH) - Razón: client namespace disconnect
[2026-10-01T16:46:55.278Z] 🔌 WebSocket conectado:
[2026-10-01T16:46:55.278Z]    - Socket ID: 8omHK27yTLK1NZoRAAAJ
[2026-10-01T16:46:55.278Z]    - Usuario: loukahkd
[2026-10-01T16:46:55.278Z]    - Rol: player
[2026-10-01T16:46:55.278Z]    - Identidad: Player ID: 5
[2026-10-01T16:47:02.027Z] ❌ Usuario desconectado (Socket: 63qNOYkO6IKNY3H9AAAF, User ID: guest-63qNOYkO6IKNY3H9AAAF) - Razón: transport close
[2026-10-01T16:47:03.524Z] 🔌 WebSocket conectado:
[2026-10-01T16:47:03.525Z]    - Socket ID: hI2v1nXhNL3u7gJVAAAL
[2026-10-01T16:47:03.525Z]    - Usuario: Student
[2026-10-01T16:47:03.525Z]    - Rol: player
[2026-10-01T16:47:03.525Z]    - Identidad: Player ID: guest-hI2v1nXhNL3u7gJVAAAL
[2026-10-01T16:47:19.921Z] ❌ Usuario desconectado (Socket: hI2v1nXhNL3u7gJVAAAL, User ID: guest-hI2v1nXhNL3u7gJVAAAL) - Razón: transport close
[2026-10-01T16:47:21.014Z] 🔌 WebSocket conectado:
[2026-10-01T16:47:21.014Z]    - Socket ID: UCcn3tHEV0s5siuHAAAN
[2026-10-01T16:47:21.014Z]    - Usuario: Student
[2026-10-01T16:47:21.015Z]    - Rol: player
[2026-10-01T16:47:21.015Z]    - Identidad: Player ID: guest-UCcn3tHEV0s5siuHAAAN
[2026-10-01T16:47:33.336Z] ❌ Usuario desconectado (Socket: UCcn3tHEV0s5siuHAAAN, User ID: guest-UCcn3tHEV0s5siuHAAAN) - Razón: transport close
[2026-10-01T16:47:34.691Z] 🔌 WebSocket conectado:
[2026-10-01T16:47:34.692Z]    - Socket ID: h1WO8V0kP89ne4pzAAAP
[2026-10-01T16:47:34.692Z]    - Usuario: Student
[2026-10-01T16:47:34.692Z]    - Rol: player
[2026-10-01T16:47:34.692Z]    - Identidad: Player ID: guest-h1WO8V0kP89ne4pzAAAP
[2026-10-01T16:47:36.920Z] Executing (default): SELECT `id`, `name`, `username`, `passwordHash`, `createdAt`, `updatedAt` FROM `Teachers` AS `Teacher` WHERE `Teacher`.`username` = 'nan123';
[2026-10-01T16:47:36.923Z] Executing (default): SELECT `id`, `name`, `username`, `passwordHash`, `createdAt`, `updatedAt` FROM `Players` AS `Player` WHERE `Player`.`username` = 'nan123';
[2026-10-01T16:47:50.995Z] ❌ Usuario desconectado (Socket: h1WO8V0kP89ne4pzAAAP, User ID: guest-h1WO8V0kP89ne4pzAAAP) - Razón: transport close
[2026-10-01T16:47:51.981Z] 🔌 WebSocket conectado:
[2026-10-01T16:47:51.981Z]    - Socket ID: -xCKsuqbTc9R4yhgAAAR
[2026-10-01T16:47:51.981Z]    - Usuario: Student
[2026-10-01T16:47:51.982Z]    - Rol: player
[2026-10-01T16:47:51.982Z]    - Identidad: Player ID: guest--xCKsuqbTc9R4yhgAAAR
[2026-10-01T16:47:54.976Z] Executing (default): SELECT `id`, `name`, `username`, `passwordHash`, `createdAt`, `updatedAt` FROM `Teachers` AS `Teacher` WHERE `Teacher`.`username` = 'nan123';
[2026-10-01T16:47:54.980Z] Executing (default): SELECT `id`, `name`, `username`, `passwordHash`, `createdAt`, `updatedAt` FROM `Players` AS `Player` WHERE `Player`.`username` = 'nan123';
[2026-10-01T16:47:55.329Z] Executing (default): INSERT INTO `Teachers` (`id`,`name`,`username`,`passwordHash`,`createdAt`,`updatedAt`) VALUES (DEFAULT,?,?,?,?,?);
[2026-10-01T16:47:55.345Z] ❌ Usuario desconectado (Socket: -xCKsuqbTc9R4yhgAAAR, User ID: guest--xCKsuqbTc9R4yhgAAAR) - Razón: client namespace disconnect
[2026-10-01T16:47:55.367Z] 🔌 WebSocket conectado:
[2026-10-01T16:47:55.368Z]    - Socket ID: 5g3F-AvlUU5j26RaAAAT
[2026-10-01T16:47:55.370Z]    - Usuario: nan123
[2026-10-01T16:47:55.371Z]    - Rol: teacher
[2026-10-01T16:47:55.372Z]    - Identidad: Teacher ID: 5
[2026-10-01T16:47:55.375Z] 
===========================================
[2026-10-01T16:47:55.375Z] 🚀 ¡SALA CREADA EN ROOMHANDLER.JS!
[2026-10-01T16:47:55.375Z] 👨‍🏫 Profesor (Host): Nancy (ID DB: 5)
[2026-10-01T16:47:55.375Z] 🏠 Sala: MIRACULOS
[2026-10-01T16:47:55.376Z] 🔑 Código ID: 239981
[2026-10-01T16:47:55.376Z] ===========================================

[2026-10-01T16:47:55.383Z] Executing (default): INSERT INTO `GroupRooms` (`id`,`groupName`,`accessCode`,`teacherId`,`createdAt`,`updatedAt`) VALUES (DEFAULT,?,?,?,?,?);
[2026-10-01T16:47:55.387Z] 💾 Sala registrada en MariaDB exitosamente (ID Registro: 39)
[2026-10-01T16:48:03.726Z] ⚠️ Profesor desconectado temporalmente (Socket: 5g3F-AvlUU5j26RaAAAT). Esperando 10s antes de cerrar sala...
[2026-10-01T16:48:03.726Z] ❌ Usuario desconectado (Socket: 5g3F-AvlUU5j26RaAAAT, User ID: 5) - Razón: transport close
[2026-10-01T16:48:04.916Z] 🔌 WebSocket conectado:
[2026-10-01T16:48:04.917Z]    - Socket ID: WrXaz_BEssnUqCoCAAAV
[2026-10-01T16:48:04.918Z]    - Usuario: nan123
[2026-10-01T16:48:04.918Z]    - Rol: teacher
[2026-10-01T16:48:04.918Z]    - Identidad: Teacher ID: 5
[2026-10-01T16:48:13.732Z] ❌ El profesor no regresó. Cerrando sala 239981...
[2026-10-01T16:48:19.196Z] ❌ Usuario desconectado (Socket: WrXaz_BEssnUqCoCAAAV, User ID: 5) - Razón: transport close
[2026-10-01T16:48:20.181Z] 🔌 WebSocket conectado:
[2026-10-01T16:48:20.182Z]    - Socket ID: 339XXWpqAG0sHZtdAAAX
[2026-10-01T16:48:20.182Z]    - Usuario: nan123
[2026-10-01T16:48:20.182Z]    - Rol: teacher
[2026-10-01T16:48:20.182Z]    - Identidad: Teacher ID: 5
[2026-10-01T16:48:24.339Z] ❌ Usuario desconectado (Socket: 339XXWpqAG0sHZtdAAAX, User ID: 5) - Razón: transport close
[2026-10-01T16:48:25.316Z] 🔌 WebSocket conectado:
[2026-10-01T16:48:25.316Z]    - Socket ID: DjsYUJMrl1xrf1QPAAAZ
[2026-10-01T16:48:25.317Z]    - Usuario: nan123
[2026-10-01T16:48:25.318Z]    - Rol: teacher
[2026-10-01T16:48:25.318Z]    - Identidad: Teacher ID: 5
[2026-10-01T16:48:27.348Z] ❌ Usuario desconectado (Socket: DjsYUJMrl1xrf1QPAAAZ, User ID: 5) - Razón: transport close
[2026-10-01T16:48:28.112Z] 🔌 WebSocket conectado:
[2026-10-01T16:48:28.113Z]    - Socket ID: p31xfypfUv9lcAPqAAAb
[2026-10-01T16:48:28.113Z]    - Usuario: nan123
[2026-10-01T16:48:28.113Z]    - Rol: teacher
[2026-10-01T16:48:28.113Z]    - Identidad: Teacher ID: 5
[2026-10-01T16:48:28.119Z] 
===========================================
[2026-10-01T16:48:28.119Z] 🚀 ¡SALA CREADA EN ROOMHANDLER.JS!
[2026-10-01T16:48:28.120Z] 👨‍🏫 Profesor (Host): Nancy (ID DB: 5)
[2026-10-01T16:48:28.120Z] 🏠 Sala: MIRACULOS
[2026-10-01T16:48:28.120Z] 🔑 Código ID: 239981
[2026-10-01T16:48:28.122Z] ===========================================

[2026-10-01T16:48:28.138Z] Executing (default): INSERT INTO `GroupRooms` (`id`,`groupName`,`accessCode`,`teacherId`,`createdAt`,`updatedAt`) VALUES (DEFAULT,?,?,?,?,?);
[2026-10-01T16:48:36.925Z] 🎮 Jugador "jhajd" (Total: 1/4) activo en sala: 239981
[2026-10-01T16:48:45.895Z] Executing (default): SELECT `Scenario`.`id`, `Scenario`.`name`, `Scenario`.`description`, `DialogueNodes`.`id` AS `DialogueNodes.id`, `DialogueNodes`.`situationTextEn` AS `DialogueNodes.situationTextEn`, `DialogueNodes`.`correctAnswerPattern` AS `DialogueNodes.correctAnswerPattern`, `DialogueNodes`.`wrongAnswer` AS `DialogueNodes.wrongAnswer`, `DialogueNodes`.`feedbackText` AS `DialogueNodes.feedbackText`, `DialogueNodes`.`targetPlayer` AS `DialogueNodes.targetPlayer`, `DialogueNodes`.`stepIndex` AS `DialogueNodes.stepIndex`, `DialogueNodes`.`scenarioId` AS `DialogueNodes.scenarioId` FROM `Scenarios` AS `Scenario` LEFT OUTER JOIN `DialogueNodes` AS `DialogueNodes` ON `Scenario`.`id` = `DialogueNodes`.`scenarioId` WHERE `Scenario`.`name` = 'Hotel';
[2026-10-01T16:48:45.917Z] 🏁 Todos listos. El profesor inició la partida en la sala 239981
[2026-10-01T16:48:49.661Z] 🎬 El profesor abrió la escena para todos en la sala 239981
[2026-10-01T16:48:58.043Z] ⚠️ Profesor desconectado temporalmente (Socket: p31xfypfUv9lcAPqAAAb). Esperando 10s antes de cerrar sala...
[2026-10-01T16:48:58.047Z] ❌ Usuario desconectado (Socket: p31xfypfUv9lcAPqAAAb, User ID: 5) - Razón: transport error
[2026-10-01T16:48:58.689Z] 🔌 WebSocket conectado:
[2026-10-01T16:48:58.694Z]    - Socket ID: KNo5D1zkeD1cpemRAAAd
[2026-10-01T16:48:58.694Z]    - Usuario: nan123
[2026-10-01T16:48:58.694Z]    - Rol: teacher
[2026-10-01T16:48:58.694Z]    - Identidad: Teacher ID: 5
[2026-10-01T16:49:03.884Z] Executing (default): SELECT `id`, `situationTextEn`, `correctAnswerPattern`, `wrongAnswer`, `feedbackText`, `targetPlayer`, `stepIndex`, `scenarioId` FROM `DialogueNodes` AS `DialogueNode` WHERE `DialogueNode`.`id` = 133;
[2026-10-01T16:49:08.048Z] ❌ El profesor no regresó. Cerrando sala 239981...
[2026-10-01T16:49:09.201Z] ❌ Usuario desconectado (Socket: KNo5D1zkeD1cpemRAAAd, User ID: 5) - Razón: transport close
[2026-10-01T16:49:09.794Z] 🔌 WebSocket conectado:
[2026-10-01T16:49:09.795Z]    - Socket ID: lJCoF6Nvz3ZdKL0DAAAf
[2026-10-01T16:49:09.795Z]    - Usuario: nan123
[2026-10-01T16:49:09.795Z]    - Rol: teacher
[2026-10-01T16:49:09.795Z]    - Identidad: Teacher ID: 5
[2026-10-01T16:49:48.631Z] ❌ Usuario desconectado (Socket: 8omHK27yTLK1NZoRAAAJ, User ID: 5) - Razón: transport close
[2026-10-01T16:49:49.825Z] 🔌 WebSocket conectado:
[2026-10-01T16:49:49.826Z]    - Socket ID: lmrbrqaE-MSUzJdWAAAh
[2026-10-01T16:49:49.826Z]    - Usuario: loukahkd
[2026-10-01T16:49:49.826Z]    - Rol: player
[2026-10-01T16:49:49.826Z]    - Identidad: Player ID: 5
[2026-10-01T16:49:59.665Z] ❌ Usuario desconectado (Socket: lmrbrqaE-MSUzJdWAAAh, User ID: 5) - Razón: transport close
[2026-10-01T16:50:27.566Z] ❌ Usuario desconectado (Socket: lJCoF6Nvz3ZdKL0DAAAf, User ID: 5) - Razón: transport close
[2026-10-01T16:50:28.348Z] 🔌 WebSocket conectado:
[2026-10-01T16:50:28.348Z]    - Socket ID: O1HTrT3o3f-hh4aJAAAj
[2026-10-01T16:50:28.349Z]    - Usuario: nan123
[2026-10-01T16:50:28.349Z]    - Rol: teacher
[2026-10-01T16:50:28.349Z]    - Identidad: Teacher ID: 5
[2026-10-01T16:50:48.288Z] ❌ Usuario desconectado (Socket: O1HTrT3o3f-hh4aJAAAj, User ID: 5) - Razón: transport close
[2026-10-01T16:50:49.765Z] 🔌 WebSocket conectado:
[2026-10-01T16:50:49.767Z]    - Socket ID: 6XP4OxbZ7unhAGxZAAAl
[2026-10-01T16:50:49.767Z]    - Usuario: nan123
[2026-10-01T16:50:49.768Z]    - Rol: teacher
[2026-10-01T16:50:49.768Z]    - Identidad: Teacher ID: 5
[2026-10-01T16:51:12.165Z] ❌ Usuario desconectado (Socket: 6XP4OxbZ7unhAGxZAAAl, User ID: 5) - Razón: transport close
[2026-10-01T16:51:12.837Z] 🔌 WebSocket conectado:
[2026-10-01T16:51:12.839Z]    - Socket ID: h85KMc359j1ZoPhSAAAn
[2026-10-01T16:51:12.840Z]    - Usuario: nan123
[2026-10-01T16:51:12.840Z]    - Rol: teacher
[2026-10-01T16:51:12.840Z]    - Identidad: Teacher ID: 5
[2026-10-01T16:51:12.843Z] 
===========================================
[2026-10-01T16:51:12.846Z] 🚀 ¡SALA CREADA EN ROOMHANDLER.JS!
[2026-10-01T16:51:12.847Z] 👨‍🏫 Profesor (Host): Nancy (ID DB: 5)
[2026-10-01T16:51:12.848Z] 🏠 Sala: MIRACULOS
[2026-10-01T16:51:12.850Z] 🔑 Código ID: 239981
[2026-10-01T16:51:12.850Z] ===========================================

[2026-10-01T16:51:12.888Z] Executing (default): INSERT INTO `GroupRooms` (`id`,`groupName`,`accessCode`,`teacherId`,`createdAt`,`updatedAt`) VALUES (DEFAULT,?,?,?,?,?);
[2026-10-01T16:51:58.485Z] 🔌 WebSocket conectado:
[2026-10-01T16:51:58.486Z]    - Socket ID: gz2zSd1WRCBsDw_vAAAp
[2026-10-01T16:51:58.486Z]    - Usuario: Student
[2026-10-01T16:51:58.486Z]    - Rol: player
[2026-10-01T16:51:58.486Z]    - Identidad: Player ID: guest-gz2zSd1WRCBsDw_vAAAp
[2026-10-01T16:53:28.117Z] Executing (default): SELECT `id`, `name`, `username`, `passwordHash`, `createdAt`, `updatedAt` FROM `Teachers` AS `Teacher` WHERE `Teacher`.`username` = 'SOFI123';
[2026-10-01T16:53:28.120Z] Executing (default): SELECT `id`, `name`, `username`, `passwordHash`, `createdAt`, `updatedAt` FROM `Players` AS `Player` WHERE `Player`.`username` = 'SOFI123';
[2026-10-01T16:53:29.327Z] Executing (default): SELECT `id`, `name`, `username`, `passwordHash`, `createdAt`, `updatedAt` FROM `Teachers` AS `Teacher` WHERE `Teacher`.`username` = 'SOFI123';
[2026-10-01T16:53:29.331Z] Executing (default): SELECT `id`, `name`, `username`, `passwordHash`, `createdAt`, `updatedAt` FROM `Players` AS `Player` WHERE `Player`.`username` = 'SOFI123';
[2026-10-01T16:53:29.698Z] Executing (default): INSERT INTO `Players` (`id`,`name`,`username`,`passwordHash`,`createdAt`,`updatedAt`) VALUES (DEFAULT,?,?,?,?,?);
[2026-10-01T16:53:29.714Z] ❌ Usuario desconectado (Socket: gz2zSd1WRCBsDw_vAAAp, User ID: guest-gz2zSd1WRCBsDw_vAAAp) - Razón: client namespace disconnect
[2026-10-01T16:53:29.767Z] 🔌 WebSocket conectado:
[2026-10-01T16:53:29.768Z]    - Socket ID: KOyfw-hchbMoNYKoAAAr
[2026-10-01T16:53:29.768Z]    - Usuario: SOFI123
[2026-10-01T16:53:29.768Z]    - Rol: player
[2026-10-01T16:53:29.768Z]    - Identidad: Player ID: 6
[2026-10-01T16:53:44.117Z] 🔌 WebSocket conectado:
[2026-10-01T16:53:44.118Z]    - Socket ID: ZPAyQ20_LgxgbT6uAAAt
[2026-10-01T16:53:44.118Z]    - Usuario: Student
[2026-10-01T16:53:44.118Z]    - Rol: player
[2026-10-01T16:53:44.118Z]    - Identidad: Player ID: guest-ZPAyQ20_LgxgbT6uAAAt
[2026-10-01T16:53:50.316Z] ⚠️ Profesor desconectado temporalmente (Socket: h85KMc359j1ZoPhSAAAn). Esperando 10s antes de cerrar sala...
[2026-10-01T16:53:50.316Z] ❌ Usuario desconectado (Socket: h85KMc359j1ZoPhSAAAn, User ID: 5) - Razón: transport close
[2026-10-01T16:53:51.492Z] 🔌 WebSocket conectado:
[2026-10-01T16:53:51.492Z]    - Socket ID: lHeFChoZIJs6ncNhAAAv
[2026-10-01T16:53:51.492Z]    - Usuario: nan123
[2026-10-01T16:53:51.493Z]    - Rol: teacher
[2026-10-01T16:53:51.493Z]    - Identidad: Teacher ID: 5
[2026-10-01T16:53:54.239Z] Executing (default): SELECT `id`, `name`, `username`, `passwordHash`, `createdAt`, `updatedAt` FROM `Teachers` AS `Teacher` WHERE `Teacher`.`username` = 'nnmna';
[2026-10-01T16:53:54.243Z] Executing (default): SELECT `id`, `name`, `username`, `passwordHash`, `createdAt`, `updatedAt` FROM `Players` AS `Player` WHERE `Player`.`username` = 'nnmna';
[2026-10-01T16:54:00.317Z] ❌ El profesor no regresó. Cerrando sala 239981...
[2026-10-01T16:54:00.839Z] Executing (default): SELECT `id`, `name`, `username`, `passwordHash`, `createdAt`, `updatedAt` FROM `Teachers` AS `Teacher` WHERE `Teacher`.`username` = 'nnmna';
[2026-10-01T16:54:00.842Z] Executing (default): SELECT `id`, `name`, `username`, `passwordHash`, `createdAt`, `updatedAt` FROM `Players` AS `Player` WHERE `Player`.`username` = 'nnmna';
[2026-10-01T16:54:01.185Z] Executing (default): INSERT INTO `Players` (`id`,`name`,`username`,`passwordHash`,`createdAt`,`updatedAt`) VALUES (DEFAULT,?,?,?,?,?);
[2026-10-01T16:54:01.259Z] ❌ Usuario desconectado (Socket: ZPAyQ20_LgxgbT6uAAAt, User ID: guest-ZPAyQ20_LgxgbT6uAAAt) - Razón: client namespace disconnect
[2026-10-01T16:54:01.317Z] 🔌 WebSocket conectado:
[2026-10-01T16:54:01.317Z]    - Socket ID: tnUi0y4b0pFzrWfrAAAx
[2026-10-01T16:54:01.317Z]    - Usuario: nnmna
[2026-10-01T16:54:01.317Z]    - Rol: player
[2026-10-01T16:54:01.318Z]    - Identidad: Player ID: 7
[2026-10-01T16:54:18.846Z] ❌ Usuario desconectado (Socket: lHeFChoZIJs6ncNhAAAv, User ID: 5) - Razón: transport close
[2026-10-01T16:54:19.721Z] 🔌 WebSocket conectado:
[2026-10-01T16:54:19.722Z]    - Socket ID: cGZj0H8Ro_4zhpsLAAAz
[2026-10-01T16:54:19.722Z]    - Usuario: nan123
[2026-10-01T16:54:19.722Z]    - Rol: teacher
[2026-10-01T16:54:19.722Z]    - Identidad: Teacher ID: 5
[2026-10-01T16:54:45.094Z] ❌ Usuario desconectado (Socket: tnUi0y4b0pFzrWfrAAAx, User ID: 7) - Razón: client namespace disconnect
[2026-10-01T16:54:46.639Z] ❌ Usuario desconectado (Socket: cGZj0H8Ro_4zhpsLAAAz, User ID: 5) - Razón: transport close
[2026-10-01T16:54:48.009Z] 🔌 WebSocket conectado:
[2026-10-01T16:54:48.009Z]    - Socket ID: QRUw0h66Q72cxb5KAAA1
[2026-10-01T16:54:48.010Z]    - Usuario: nan123
[2026-10-01T16:54:48.010Z]    - Rol: teacher
[2026-10-01T16:54:48.010Z]    - Identidad: Teacher ID: 5
[2026-10-01T16:54:59.811Z] ❌ Usuario desconectado (Socket: QRUw0h66Q72cxb5KAAA1, User ID: 5) - Razón: transport close
[2026-10-01T16:55:00.391Z] 🔌 WebSocket conectado:
[2026-10-01T16:55:00.391Z]    - Socket ID: 4FgR5OXqB63YGqdQAAA3
[2026-10-01T16:55:00.391Z]    - Usuario: nan123
[2026-10-01T16:55:00.391Z]    - Rol: teacher
[2026-10-01T16:55:00.391Z]    - Identidad: Teacher ID: 5
[2026-10-01T16:55:14.272Z] Executing (default): SELECT `id`, `name`, `username`, `passwordHash`, `createdAt`, `updatedAt` FROM `Teachers` AS `Teacher` WHERE `Teacher`.`username` = 'Cam123';
[2026-10-01T16:55:14.276Z] Executing (default): SELECT `id`, `name`, `username`, `passwordHash`, `createdAt`, `updatedAt` FROM `Players` AS `Player` WHERE `Player`.`username` = 'Cam123';
[2026-10-01T16:55:18.428Z] ❌ Usuario desconectado (Socket: 4FgR5OXqB63YGqdQAAA3, User ID: 5) - Razón: transport close
[2026-10-01T16:55:19.594Z] 🔌 WebSocket conectado:
[2026-10-01T16:55:19.594Z]    - Socket ID: VzrxVWbN9rEfo-4pAAA5
[2026-10-01T16:55:19.594Z]    - Usuario: nan123
[2026-10-01T16:55:19.594Z]    - Rol: teacher
[2026-10-01T16:55:19.594Z]    - Identidad: Teacher ID: 5
[2026-10-01T16:55:30.020Z] Executing (default): SELECT `id`, `name`, `username`, `passwordHash`, `createdAt`, `updatedAt` FROM `Teachers` AS `Teacher` WHERE `Teacher`.`username` = 'Cam123';
[2026-10-01T16:55:30.023Z] Executing (default): SELECT `id`, `name`, `username`, `passwordHash`, `createdAt`, `updatedAt` FROM `Players` AS `Player` WHERE `Player`.`username` = 'Cam123';
[2026-10-01T16:55:30.366Z] Executing (default): INSERT INTO `Teachers` (`id`,`name`,`username`,`passwordHash`,`createdAt`,`updatedAt`) VALUES (DEFAULT,?,?,?,?,?);
[2026-10-01T16:55:32.080Z] 🔌 WebSocket conectado:
[2026-10-01T16:55:32.080Z]    - Socket ID: yY7zqPBnphVVMnUmAAA7
[2026-10-01T16:55:32.080Z]    - Usuario: Cam123
[2026-10-01T16:55:32.080Z]    - Rol: teacher
[2026-10-01T16:55:32.080Z]    - Identidad: Teacher ID: 6
[2026-10-01T16:55:54.297Z] 
===========================================
[2026-10-01T16:55:54.298Z] 🚀 ¡SALA CREADA EN ROOMHANDLER.JS!
[2026-10-01T16:55:54.298Z] 👨‍🏫 Profesor (Host): Carmen (ID DB: 6)
[2026-10-01T16:55:54.298Z] 🏠 Sala: Prueba123
[2026-10-01T16:55:54.298Z] 🔑 Código ID: IHEXD7
[2026-10-01T16:55:54.298Z] ===========================================

[2026-10-01T16:55:54.306Z] Executing (default): INSERT INTO `GroupRooms` (`id`,`groupName`,`accessCode`,`teacherId`,`createdAt`,`updatedAt`) VALUES (DEFAULT,?,?,?,?,?);
[2026-10-01T16:55:54.328Z] 💾 Sala registrada en MariaDB exitosamente (ID Registro: 42)
[2026-10-01T16:56:57.728Z] ❌ Usuario desconectado (Socket: VzrxVWbN9rEfo-4pAAA5, User ID: 5) - Razón: transport close
[2026-10-01T16:56:58.921Z] 🔌 WebSocket conectado:
[2026-10-01T16:56:58.921Z]    - Socket ID: QB1MAH4AkI2Ai0ndAAA9
[2026-10-01T16:56:58.921Z]    - Usuario: nan123
[2026-10-01T16:56:58.921Z]    - Rol: teacher
[2026-10-01T16:56:58.921Z]    - Identidad: Teacher ID: 5
[2026-10-01T16:57:28.554Z] 🔌 WebSocket conectado:
[2026-10-01T16:57:28.554Z]    - Socket ID: LFijQZfu1XYltTt8AAA_
[2026-10-01T16:57:28.554Z]    - Usuario: Student
[2026-10-01T16:57:28.554Z]    - Rol: player
[2026-10-01T16:57:28.554Z]    - Identidad: Player ID: guest-LFijQZfu1XYltTt8AAA_
[2026-10-01T16:57:38.821Z] ⚠️ Profesor desconectado temporalmente (Socket: yY7zqPBnphVVMnUmAAA7). Esperando 10s antes de cerrar sala...
[2026-10-01T16:57:38.821Z] ❌ Usuario desconectado (Socket: yY7zqPBnphVVMnUmAAA7, User ID: 6) - Razón: transport close
[2026-10-01T16:57:48.576Z] ❌ Usuario desconectado (Socket: QB1MAH4AkI2Ai0ndAAA9, User ID: 5) - Razón: transport close
[2026-10-01T16:57:48.821Z] ❌ El profesor no regresó. Cerrando sala IHEXD7...
[2026-10-01T16:57:49.162Z] 🔌 WebSocket conectado:
[2026-10-01T16:57:49.162Z]    - Socket ID: phvMRMXE9PW1oeg3AABB
[2026-10-01T16:57:49.162Z]    - Usuario: nan123
[2026-10-01T16:57:49.162Z]    - Rol: teacher
[2026-10-01T16:57:49.162Z]    - Identidad: Teacher ID: 5
[2026-10-01T16:58:03.150Z] 🔌 WebSocket conectado:
[2026-10-01T16:58:03.150Z]    - Socket ID: T6vA9dOcdc7ms4lDAABD
[2026-10-01T16:58:03.151Z]    - Usuario: Student
[2026-10-01T16:58:03.151Z]    - Rol: player
[2026-10-01T16:58:03.151Z]    - Identidad: Player ID: guest-T6vA9dOcdc7ms4lDAABD
[2026-10-01T16:58:20.665Z] ❌ Usuario desconectado (Socket: phvMRMXE9PW1oeg3AABB, User ID: 5) - Razón: transport close
[2026-10-01T16:58:20.968Z] ❌ Usuario desconectado (Socket: T6vA9dOcdc7ms4lDAABD, User ID: guest-T6vA9dOcdc7ms4lDAABD) - Razón: transport close
[2026-10-01T16:58:20.973Z] 🔌 WebSocket conectado:
[2026-10-01T16:58:20.974Z]    - Socket ID: FboFtSDPormRLMjaAABF
[2026-10-01T16:58:20.974Z]    - Usuario: Student
[2026-10-01T16:58:20.974Z]    - Rol: player
[2026-10-01T16:58:20.974Z]    - Identidad: Player ID: guest-FboFtSDPormRLMjaAABF
[2026-10-01T16:58:21.345Z] 🔌 WebSocket conectado:
[2026-10-01T16:58:21.345Z]    - Socket ID: nzzEs3hkGdli4ROYAABH
[2026-10-01T16:58:21.345Z]    - Usuario: nan123
[2026-10-01T16:58:21.345Z]    - Rol: teacher
[2026-10-01T16:58:21.345Z]    - Identidad: Teacher ID: 5
[2026-10-01T16:58:37.139Z] ❌ Usuario desconectado (Socket: FboFtSDPormRLMjaAABF, User ID: guest-FboFtSDPormRLMjaAABF) - Razón: transport close
[2026-10-01T16:58:37.149Z] 🔌 WebSocket conectado:
[2026-10-01T16:58:37.149Z]    - Socket ID: pb0z0a6pRGukFsOZAABJ
[2026-10-01T16:58:37.149Z]    - Usuario: Student
[2026-10-01T16:58:37.149Z]    - Rol: player
[2026-10-01T16:58:37.149Z]    - Identidad: Player ID: guest-pb0z0a6pRGukFsOZAABJ
[2026-10-01T16:59:02.973Z] 🔌 WebSocket conectado:
[2026-10-01T16:59:02.973Z]    - Socket ID: NLOgxb4oHWOuW3wGAABL
[2026-10-01T16:59:02.973Z]    - Usuario: Student
[2026-10-01T16:59:02.973Z]    - Rol: player
[2026-10-01T16:59:02.974Z]    - Identidad: Player ID: guest-NLOgxb4oHWOuW3wGAABL
[2026-10-01T16:59:20.971Z] Executing (default): SELECT `id`, `name`, `username`, `passwordHash`, `createdAt`, `updatedAt` FROM `Teachers` AS `Teacher` WHERE `Teacher`.`username` = 'Nancy123';
[2026-10-01T16:59:20.974Z] Executing (default): SELECT `id`, `name`, `username`, `passwordHash`, `createdAt`, `updatedAt` FROM `Players` AS `Player` WHERE `Player`.`username` = 'Nancy123';
[2026-10-01T16:59:21.996Z] 🔌 WebSocket conectado:
[2026-10-01T16:59:21.996Z]    - Socket ID: dZFDbBIpZDfjonQ7AABN
[2026-10-01T16:59:21.996Z]    - Usuario: Student
[2026-10-01T16:59:21.996Z]    - Rol: player
[2026-10-01T16:59:21.997Z]    - Identidad: Player ID: guest-dZFDbBIpZDfjonQ7AABN
[2026-10-01T16:59:22.903Z] Executing (default): SELECT `id`, `name`, `username`, `passwordHash`, `createdAt`, `updatedAt` FROM `Teachers` AS `Teacher` WHERE `Teacher`.`username` = 'Nancy123';
[2026-10-01T16:59:22.906Z] Executing (default): SELECT `id`, `name`, `username`, `passwordHash`, `createdAt`, `updatedAt` FROM `Players` AS `Player` WHERE `Player`.`username` = 'Nancy123';
[2026-10-01T16:59:23.251Z] Executing (default): INSERT INTO `Players` (`id`,`name`,`username`,`passwordHash`,`createdAt`,`updatedAt`) VALUES (DEFAULT,?,?,?,?,?);
[2026-10-01T16:59:23.323Z] ❌ Usuario desconectado (Socket: NLOgxb4oHWOuW3wGAABL, User ID: guest-NLOgxb4oHWOuW3wGAABL) - Razón: client namespace disconnect
[2026-10-01T16:59:24.478Z] 🔌 WebSocket conectado:
[2026-10-01T16:59:24.478Z]    - Socket ID: Q3CWvDfBXoxqckhnAABP
[2026-10-01T16:59:24.478Z]    - Usuario: Nancy123
[2026-10-01T16:59:24.478Z]    - Rol: player
[2026-10-01T16:59:24.478Z]    - Identidad: Player ID: 8
[2026-10-01T16:59:38.889Z] 🔌 WebSocket conectado:
[2026-10-01T16:59:38.889Z]    - Socket ID: 6ETgY85c3AAYnuh1AABR
[2026-10-01T16:59:38.889Z]    - Usuario: Student
[2026-10-01T16:59:38.889Z]    - Rol: player
[2026-10-01T16:59:38.889Z]    - Identidad: Player ID: guest-6ETgY85c3AAYnuh1AABR
[2026-10-01T16:59:40.002Z] ❌ Usuario desconectado (Socket: LFijQZfu1XYltTt8AAA_, User ID: guest-LFijQZfu1XYltTt8AAA_) - Razón: transport close
[2026-10-01T16:59:41.134Z] ❌ Usuario desconectado (Socket: dZFDbBIpZDfjonQ7AABN, User ID: guest-dZFDbBIpZDfjonQ7AABN) - Razón: transport close
[2026-10-01T16:59:55.091Z] Executing (default): SELECT `id`, `name`, `username`, `passwordHash`, `createdAt`, `updatedAt` FROM `Teachers` AS `Teacher` WHERE `Teacher`.`username` = 'sofiprof';
[2026-10-01T16:59:55.097Z] Executing (default): SELECT `id`, `name`, `username`, `passwordHash`, `createdAt`, `updatedAt` FROM `Players` AS `Player` WHERE `Player`.`username` = 'sofiprof';
[2026-10-01T16:59:56.289Z] ❌ Usuario desconectado (Socket: pb0z0a6pRGukFsOZAABJ, User ID: guest-pb0z0a6pRGukFsOZAABJ) - Razón: transport close
[2026-10-01T16:59:56.301Z] 🔌 WebSocket conectado:
[2026-10-01T16:59:56.302Z]    - Socket ID: 9rDnAo-9UuJoHDYxAABT
[2026-10-01T16:59:56.302Z]    - Usuario: Student
[2026-10-01T16:59:56.302Z]    - Rol: player
[2026-10-01T16:59:56.302Z]    - Identidad: Player ID: guest-9rDnAo-9UuJoHDYxAABT
[2026-10-01T17:00:12.050Z] ❌ Usuario desconectado (Socket: 6ETgY85c3AAYnuh1AABR, User ID: guest-6ETgY85c3AAYnuh1AABR) - Razón: transport close
[2026-10-01T17:00:15.230Z] Executing (default): SELECT `id`, `name`, `username`, `passwordHash`, `createdAt`, `updatedAt` FROM `Teachers` AS `Teacher` WHERE `Teacher`.`username` = 'sofiprof';
[2026-10-01T17:00:15.234Z] Executing (default): SELECT `id`, `name`, `username`, `passwordHash`, `createdAt`, `updatedAt` FROM `Players` AS `Player` WHERE `Player`.`username` = 'sofiprof';
[2026-10-01T17:00:15.582Z] Executing (default): INSERT INTO `Teachers` (`id`,`name`,`username`,`passwordHash`,`createdAt`,`updatedAt`) VALUES (DEFAULT,?,?,?,?,?);
[2026-10-01T17:00:15.690Z] ❌ Usuario desconectado (Socket: 9rDnAo-9UuJoHDYxAABT, User ID: guest-9rDnAo-9UuJoHDYxAABT) - Razón: client namespace disconnect
[2026-10-01T17:00:15.769Z] Executing (default): SELECT `id`, `name`, `username`, `passwordHash`, `createdAt`, `updatedAt` FROM `Teachers` AS `Teacher` WHERE `Teacher`.`username` = 'sofiprof';
[2026-10-01T17:00:15.777Z] Executing (default): SELECT `id`, `name`, `username`, `passwordHash`, `createdAt`, `updatedAt` FROM `Players` AS `Player` WHERE `Player`.`username` = 'sofiprof';
[2026-10-01T17:00:15.853Z] 🔌 WebSocket conectado:
[2026-10-01T17:00:15.853Z]    - Socket ID: RPZvJQpT8Nz87iV4AABV
[2026-10-01T17:00:15.853Z]    - Usuario: sofiprof
[2026-10-01T17:00:15.853Z]    - Rol: teacher
[2026-10-01T17:00:15.853Z]    - Identidad: Teacher ID: 7
[2026-10-01T17:00:21.415Z] ❌ Usuario desconectado (Socket: nzzEs3hkGdli4ROYAABH, User ID: 5) - Razón: transport close
[2026-10-01T17:00:22.714Z] 🔌 WebSocket conectado:
[2026-10-01T17:00:22.715Z]    - Socket ID: XXPTe1OoP5uLqU4MAABX
[2026-10-01T17:00:22.715Z]    - Usuario: nan123
[2026-10-01T17:00:22.715Z]    - Rol: teacher
[2026-10-01T17:00:22.715Z]    - Identidad: Teacher ID: 5
[2026-10-01T17:00:24.420Z] 🔌 WebSocket conectado:
[2026-10-01T17:00:24.420Z]    - Socket ID: d-GrqMc7mM_6G3c1AABZ
[2026-10-01T17:00:24.420Z]    - Usuario: Student
[2026-10-01T17:00:24.420Z]    - Rol: player
[2026-10-01T17:00:24.420Z]    - Identidad: Player ID: guest-d-GrqMc7mM_6G3c1AABZ
[2026-10-01T17:00:27.317Z] ❌ Usuario desconectado (Socket: RPZvJQpT8Nz87iV4AABV, User ID: 7) - Razón: transport close
[2026-10-01T17:00:27.333Z] 🔌 WebSocket conectado:
[2026-10-01T17:00:27.334Z]    - Socket ID: 1JUeTT_YTBiE9EQXAABb
[2026-10-01T17:00:27.334Z]    - Usuario: sofiprof
[2026-10-01T17:00:27.334Z]    - Rol: teacher
[2026-10-01T17:00:27.334Z]    - Identidad: Teacher ID: 7
[2026-10-01T17:00:34.572Z] ❌ Usuario desconectado (Socket: d-GrqMc7mM_6G3c1AABZ, User ID: guest-d-GrqMc7mM_6G3c1AABZ) - Razón: transport close
[2026-10-01T17:00:40.118Z] ❌ Usuario desconectado (Socket: 1JUeTT_YTBiE9EQXAABb, User ID: 7) - Razón: transport close
[2026-10-01T17:00:40.193Z] 🔌 WebSocket conectado:
[2026-10-01T17:00:40.193Z]    - Socket ID: Wd7jLxCAT2lKzXrXAABd
[2026-10-01T17:00:40.194Z]    - Usuario: sofiprof
[2026-10-01T17:00:40.194Z]    - Rol: teacher
[2026-10-01T17:00:40.194Z]    - Identidad: Teacher ID: 7
[2026-10-01T17:00:45.621Z] ❌ Usuario desconectado (Socket: Q3CWvDfBXoxqckhnAABP, User ID: 8) - Razón: transport close
[2026-10-01T17:00:48.533Z] ❌ Usuario desconectado (Socket: XXPTe1OoP5uLqU4MAABX, User ID: 5) - Razón: transport close
[2026-10-01T17:00:49.486Z] 🔌 WebSocket conectado:
[2026-10-01T17:00:49.486Z]    - Socket ID: 8BqHzp4gm1Vse3oJAABf
[2026-10-01T17:00:49.487Z]    - Usuario: Nancy123
[2026-10-01T17:00:49.487Z]    - Rol: player
[2026-10-01T17:00:49.487Z]    - Identidad: Player ID: 8
[2026-10-01T17:00:49.627Z] 🔌 WebSocket conectado:
[2026-10-01T17:00:49.627Z]    - Socket ID: 81kMioBqfpWqjroXAABh
[2026-10-01T17:00:49.627Z]    - Usuario: nan123
[2026-10-01T17:00:49.627Z]    - Rol: teacher
[2026-10-01T17:00:49.627Z]    - Identidad: Teacher ID: 5
[2026-10-01T17:00:49.920Z] 
===========================================
[2026-10-01T17:00:49.920Z] 🚀 ¡SALA CREADA EN ROOMHANDLER.JS!
[2026-10-01T17:00:49.920Z] 👨‍🏫 Profesor (Host): sofia cstro (ID DB: 7)
[2026-10-01T17:00:49.920Z] 🏠 Sala: Prueba1
[2026-10-01T17:00:49.920Z] 🔑 Código ID: T0ITGK
[2026-10-01T17:00:49.920Z] ===========================================

[2026-10-01T17:00:49.929Z] Executing (default): INSERT INTO `GroupRooms` (`id`,`groupName`,`accessCode`,`teacherId`,`createdAt`,`updatedAt`) VALUES (DEFAULT,?,?,?,?,?);
[2026-10-01T17:00:49.936Z] 💾 Sala registrada en MariaDB exitosamente (ID Registro: 43)
[2026-10-01T17:00:56.301Z] ⚠️ Profesor desconectado temporalmente (Socket: Wd7jLxCAT2lKzXrXAABd). Esperando 10s antes de cerrar sala...
[2026-10-01T17:00:56.302Z] ❌ Usuario desconectado (Socket: Wd7jLxCAT2lKzXrXAABd, User ID: 7) - Razón: transport close
[2026-10-01T17:00:56.317Z] 🔌 WebSocket conectado:
[2026-10-01T17:00:56.317Z]    - Socket ID: bXZZlhWF6b_DaXkhAABj
[2026-10-01T17:00:56.317Z]    - Usuario: sofiprof
[2026-10-01T17:00:56.317Z]    - Rol: teacher
[2026-10-01T17:00:56.317Z]    - Identidad: Teacher ID: 7
[2026-10-01T17:00:56.324Z] 
===========================================
[2026-10-01T17:00:56.324Z] 🚀 ¡SALA CREADA EN ROOMHANDLER.JS!
[2026-10-01T17:00:56.324Z] 👨‍🏫 Profesor (Host): sofia cstro (ID DB: 7)
[2026-10-01T17:00:56.325Z] 🏠 Sala: Prueba1
[2026-10-01T17:00:56.325Z] 🔑 Código ID: T0ITGK
[2026-10-01T17:00:56.325Z] ===========================================

[2026-10-01T17:00:56.327Z] Executing (default): INSERT INTO `GroupRooms` (`id`,`groupName`,`accessCode`,`teacherId`,`createdAt`,`updatedAt`) VALUES (DEFAULT,?,?,?,?,?);
[2026-10-01T17:00:56.333Z] 🟢 Profesor reconectado. Se canceló la destrucción de la sala T0ITGK.
[2026-10-01T17:00:58.383Z] 🔌 WebSocket conectado:
[2026-10-01T17:00:58.383Z]    - Socket ID: EPjeghW0oLOxvS8DAABl
[2026-10-01T17:00:58.383Z]    - Usuario: Student
[2026-10-01T17:00:58.383Z]    - Rol: player
[2026-10-01T17:00:58.383Z]    - Identidad: Player ID: guest-EPjeghW0oLOxvS8DAABl
[2026-10-01T17:01:00.177Z] ❌ Usuario desconectado (Socket: EPjeghW0oLOxvS8DAABl, User ID: guest-EPjeghW0oLOxvS8DAABl) - Razón: transport close
[2026-10-01T17:01:03.989Z] 🔌 WebSocket conectado:
[2026-10-01T17:01:03.989Z]    - Socket ID: rpK6fbRth1-05dX3AABn
[2026-10-01T17:01:03.989Z]    - Usuario: Student
[2026-10-01T17:01:03.989Z]    - Rol: player
[2026-10-01T17:01:03.989Z]    - Identidad: Player ID: guest-rpK6fbRth1-05dX3AABn
[2026-10-01T17:01:41.414Z] 🔌 WebSocket conectado:
[2026-10-01T17:01:41.414Z]    - Socket ID: GB-Srz2-yVm1yEG0AABp
[2026-10-01T17:01:41.414Z]    - Usuario: Student
[2026-10-01T17:01:41.415Z]    - Rol: player
[2026-10-01T17:01:41.415Z]    - Identidad: Player ID: guest-GB-Srz2-yVm1yEG0AABp
[2026-10-01T17:01:43.937Z] ❌ Usuario desconectado (Socket: 81kMioBqfpWqjroXAABh, User ID: 5) - Razón: transport close
[2026-10-01T17:01:44.531Z] 🔌 WebSocket conectado:
[2026-10-01T17:01:44.531Z]    - Socket ID: lKSm8HXpVbiqqNQoAABr
[2026-10-01T17:01:44.532Z]    - Usuario: nan123
[2026-10-01T17:01:44.532Z]    - Rol: teacher
[2026-10-01T17:01:44.532Z]    - Identidad: Teacher ID: 5
[2026-10-01T17:01:48.821Z] Executing (default): SELECT `id`, `name`, `username`, `passwordHash`, `createdAt`, `updatedAt` FROM `Teachers` AS `Teacher` WHERE `Teacher`.`username` = 'Ali';
[2026-10-01T17:01:48.825Z] Executing (default): SELECT `id`, `name`, `username`, `passwordHash`, `createdAt`, `updatedAt` FROM `Players` AS `Player` WHERE `Player`.`username` = 'Ali';
[2026-10-01T17:01:51.195Z] ❌ Usuario desconectado (Socket: GB-Srz2-yVm1yEG0AABp, User ID: guest-GB-Srz2-yVm1yEG0AABp) - Razón: transport close
[2026-10-01T17:01:51.947Z] Executing (default): SELECT `id`, `name`, `username`, `passwordHash`, `createdAt`, `updatedAt` FROM `Teachers` AS `Teacher` WHERE `Teacher`.`username` = 'Ali';
[2026-10-01T17:01:51.950Z] Executing (default): SELECT `id`, `name`, `username`, `passwordHash`, `createdAt`, `updatedAt` FROM `Players` AS `Player` WHERE `Player`.`username` = 'Ali';
[2026-10-01T17:01:52.299Z] Executing (default): INSERT INTO `Players` (`id`,`name`,`username`,`passwordHash`,`createdAt`,`updatedAt`) VALUES (DEFAULT,?,?,?,?,?);
[2026-10-01T17:01:52.426Z] ❌ Usuario desconectado (Socket: rpK6fbRth1-05dX3AABn, User ID: guest-rpK6fbRth1-05dX3AABn) - Razón: client namespace disconnect
[2026-10-01T17:01:52.504Z] 🔌 WebSocket conectado:
[2026-10-01T17:01:52.504Z]    - Socket ID: s0axkH7J6OttozY2AABt
[2026-10-01T17:01:52.505Z]    - Usuario: Ali
[2026-10-01T17:01:52.505Z]    - Rol: player
[2026-10-01T17:01:52.505Z]    - Identidad: Player ID: 9
[2026-10-01T17:01:53.286Z] Executing (12e2e311-4634-4a71-b05f-09ffb5d14f42): START TRANSACTION;
[2026-10-01T17:01:53.290Z] Executing (12e2e311-4634-4a71-b05f-09ffb5d14f42): SELECT `id`, `groupRole`, `createdAt`, `updatedAt`, `roomId`, `playerId` FROM `RoomPlayers` AS `RoomPlayer` WHERE `RoomPlayer`.`roomId` = 43 AND `RoomPlayer`.`playerId` = 6 LIMIT 1;
[2026-10-01T17:01:53.301Z] Executing (12e2e311-4634-4a71-b05f-09ffb5d14f42): INSERT INTO `RoomPlayers` (`id`,`groupRole`,`createdAt`,`updatedAt`,`roomId`,`playerId`) VALUES (DEFAULT,?,?,?,?,?);
[2026-10-01T17:01:53.303Z] Executing (12e2e311-4634-4a71-b05f-09ffb5d14f42): COMMIT;
[2026-10-01T17:01:53.306Z] 💾 Estudiante ID 6 registrado en RoomPlayer (ID Registro: 3) para la sala DB 43
[2026-10-01T17:01:53.306Z] 🎮 Jugador "sofi" (Total: 1/4) activo en sala: T0ITGK
[2026-10-01T17:01:54.104Z] Executing (00e0014f-8daa-45a2-9d39-32305386af67): START TRANSACTION;
[2026-10-01T17:01:54.107Z] Executing (00e0014f-8daa-45a2-9d39-32305386af67): SELECT `id`, `groupRole`, `createdAt`, `updatedAt`, `roomId`, `playerId` FROM `RoomPlayers` AS `RoomPlayer` WHERE `RoomPlayer`.`roomId` = 43 AND `RoomPlayer`.`playerId` = 8 LIMIT 1;
[2026-10-01T17:01:54.112Z] Executing (00e0014f-8daa-45a2-9d39-32305386af67): INSERT INTO `RoomPlayers` (`id`,`groupRole`,`createdAt`,`updatedAt`,`roomId`,`playerId`) VALUES (DEFAULT,?,?,?,?,?);
[2026-10-01T17:01:54.115Z] Executing (00e0014f-8daa-45a2-9d39-32305386af67): COMMIT;
[2026-10-01T17:01:54.121Z] 💾 Estudiante ID 8 registrado en RoomPlayer (ID Registro: 4) para la sala DB 43
[2026-10-01T17:01:54.121Z] 🎮 Jugador "Nancy" (Total: 2/4) activo en sala: T0ITGK
[2026-10-01T17:02:01.640Z] ❌ Usuario desconectado (Socket: lKSm8HXpVbiqqNQoAABr, User ID: 5) - Razón: transport close
[2026-10-01T17:02:02.533Z] 🔌 WebSocket conectado:
[2026-10-01T17:02:02.534Z]    - Socket ID: 4LJS7vFq8w1jA7sGAABv
[2026-10-01T17:02:02.534Z]    - Usuario: nan123
[2026-10-01T17:02:02.534Z]    - Rol: teacher
[2026-10-01T17:02:02.534Z]    - Identidad: Teacher ID: 5
[2026-10-01T17:02:11.721Z] 🧑‍🎤 "Nancy" eligió el personaje "luba" en la sala T0ITGK
[2026-10-01T17:02:14.948Z] Executing (e2603257-fc9a-4532-800b-7d1aff4cad7e): START TRANSACTION;
[2026-10-01T17:02:14.951Z] Executing (e2603257-fc9a-4532-800b-7d1aff4cad7e): SELECT `id`, `groupRole`, `createdAt`, `updatedAt`, `roomId`, `playerId` FROM `RoomPlayers` AS `RoomPlayer` WHERE `RoomPlayer`.`roomId` = 43 AND `RoomPlayer`.`playerId` = 9 LIMIT 1;
[2026-10-01T17:02:14.957Z] Executing (e2603257-fc9a-4532-800b-7d1aff4cad7e): INSERT INTO `RoomPlayers` (`id`,`groupRole`,`createdAt`,`updatedAt`,`roomId`,`playerId`) VALUES (DEFAULT,?,?,?,?,?);
[2026-10-01T17:02:14.959Z] Executing (e2603257-fc9a-4532-800b-7d1aff4cad7e): COMMIT;
[2026-10-01T17:02:14.963Z] 💾 Estudiante ID 9 registrado en RoomPlayer (ID Registro: 5) para la sala DB 43
[2026-10-01T17:02:14.964Z] 🎮 Jugador "Alison Cruz" (Total: 3/4) activo en sala: T0ITGK
[2026-10-01T17:02:20.491Z] ❌ Usuario desconectado (Socket: 4LJS7vFq8w1jA7sGAABv, User ID: 5) - Razón: transport close
[2026-10-01T17:02:21.264Z] 🔌 WebSocket conectado:
[2026-10-01T17:02:21.265Z]    - Socket ID: VFFf-7DCV5MTkM96AABx
[2026-10-01T17:02:21.265Z]    - Usuario: nan123
[2026-10-01T17:02:21.265Z]    - Rol: teacher
[2026-10-01T17:02:21.265Z]    - Identidad: Teacher ID: 5
[2026-10-01T17:02:22.172Z] 🧑‍🎤 "sofi" eligió el personaje "Yoongui" en la sala T0ITGK
[2026-10-01T17:02:31.123Z] Executing (default): SELECT `RoomPlayer`.`id`, `RoomPlayer`.`groupRole`, `RoomPlayer`.`createdAt`, `RoomPlayer`.`updatedAt`, `RoomPlayer`.`roomId`, `RoomPlayer`.`playerId`, `Player`.`id` AS `Player.id`, `Player`.`username` AS `Player.username`, `Player`.`name` AS `Player.name` FROM `RoomPlayers` AS `RoomPlayer` LEFT OUTER JOIN `Players` AS `Player` ON `RoomPlayer`.`playerId` = `Player`.`id` WHERE `RoomPlayer`.`roomId` = 43 ORDER BY `RoomPlayer`.`createdAt` ASC;
[2026-10-01T17:02:31.137Z] Executing (default): SELECT `Scenario`.`id`, `Scenario`.`name`, `Scenario`.`description`, `DialogueNodes`.`id` AS `DialogueNodes.id`, `DialogueNodes`.`situationTextEn` AS `DialogueNodes.situationTextEn`, `DialogueNodes`.`correctAnswerPattern` AS `DialogueNodes.correctAnswerPattern`, `DialogueNodes`.`wrongAnswer` AS `DialogueNodes.wrongAnswer`, `DialogueNodes`.`feedbackText` AS `DialogueNodes.feedbackText`, `DialogueNodes`.`targetPlayer` AS `DialogueNodes.targetPlayer`, `DialogueNodes`.`stepIndex` AS `DialogueNodes.stepIndex`, `DialogueNodes`.`scenarioId` AS `DialogueNodes.scenarioId` FROM `Scenarios` AS `Scenario` LEFT OUTER JOIN `DialogueNodes` AS `DialogueNodes` ON `Scenario`.`id` = `DialogueNodes`.`scenarioId` WHERE `Scenario`.`name` = 'Hotel';
[2026-10-01T17:02:31.144Z] Executing (edf7c9a4-2a98-4de8-b6f8-b36ffa281d5e): START TRANSACTION;
[2026-10-01T17:02:31.149Z] Executing (edf7c9a4-2a98-4de8-b6f8-b36ffa281d5e): SELECT `id`, `badgesEarned`, `survivalHealth`, `accumulatedEnglishScore`, `createdAt`, `updatedAt`, `playerId`, `roomId`, `endingId`, `currentScenarioId` FROM `GameSessions` AS `GameSession` WHERE `GameSession`.`roomId` = 43 AND `GameSession`.`playerId` = 6 LIMIT 1;
[2026-10-01T17:02:31.156Z] Executing (edf7c9a4-2a98-4de8-b6f8-b36ffa281d5e): INSERT INTO `GameSessions` (`id`,`badgesEarned`,`survivalHealth`,`accumulatedEnglishScore`,`createdAt`,`updatedAt`,`playerId`,`roomId`,`endingId`,`currentScenarioId`) VALUES (DEFAULT,?,?,?,?,?,?,?,?,?);
[2026-10-01T17:02:31.160Z] Executing (edf7c9a4-2a98-4de8-b6f8-b36ffa281d5e): COMMIT;
[2026-10-01T17:02:31.164Z] Executing (49764890-a702-4a06-bd8d-65e1bbed90af): START TRANSACTION;
[2026-10-01T17:02:31.167Z] Executing (49764890-a702-4a06-bd8d-65e1bbed90af): SELECT `id`, `badgesEarned`, `survivalHealth`, `accumulatedEnglishScore`, `createdAt`, `updatedAt`, `playerId`, `roomId`, `endingId`, `currentScenarioId` FROM `GameSessions` AS `GameSession` WHERE `GameSession`.`roomId` = 43 AND `GameSession`.`playerId` = 8 LIMIT 1;
[2026-10-01T17:02:31.171Z] Executing (49764890-a702-4a06-bd8d-65e1bbed90af): INSERT INTO `GameSessions` (`id`,`badgesEarned`,`survivalHealth`,`accumulatedEnglishScore`,`createdAt`,`updatedAt`,`playerId`,`roomId`,`endingId`,`currentScenarioId`) VALUES (DEFAULT,?,?,?,?,?,?,?,?,?);
[2026-10-01T17:02:31.174Z] Executing (49764890-a702-4a06-bd8d-65e1bbed90af): COMMIT;
[2026-10-01T17:02:31.180Z] Executing (315773bf-05cc-4db1-8e73-e0998dacc78f): START TRANSACTION;
[2026-10-01T17:02:31.182Z] Executing (315773bf-05cc-4db1-8e73-e0998dacc78f): SELECT `id`, `badgesEarned`, `survivalHealth`, `accumulatedEnglishScore`, `createdAt`, `updatedAt`, `playerId`, `roomId`, `endingId`, `currentScenarioId` FROM `GameSessions` AS `GameSession` WHERE `GameSession`.`roomId` = 43 AND `GameSession`.`playerId` = 9 LIMIT 1;
[2026-10-01T17:02:31.188Z] Executing (315773bf-05cc-4db1-8e73-e0998dacc78f): INSERT INTO `GameSessions` (`id`,`badgesEarned`,`survivalHealth`,`accumulatedEnglishScore`,`createdAt`,`updatedAt`,`playerId`,`roomId`,`endingId`,`currentScenarioId`) VALUES (DEFAULT,?,?,?,?,?,?,?,?,?);
[2026-10-01T17:02:31.190Z] Executing (315773bf-05cc-4db1-8e73-e0998dacc78f): COMMIT;
[2026-10-01T17:02:31.193Z] 💾 Se crearon/verificaron 3 registros en GameSessions.
[2026-10-01T17:02:31.194Z] 🏁 Todos listos. El profesor inició la partida en la sala T0ITGK
[2026-10-01T17:02:38.276Z] 🎬 El profesor abrió la escena para todos en la sala T0ITGK
[2026-10-01T17:03:25.236Z] Executing (default): SELECT `id`, `situationTextEn`, `correctAnswerPattern`, `wrongAnswer`, `feedbackText`, `targetPlayer`, `stepIndex`, `scenarioId` FROM `DialogueNodes` AS `DialogueNode` WHERE `DialogueNode`.`id` = 133;
[2026-10-01T17:03:25.293Z] Executing (default): UPDATE `GameSessions` SET `survivalHealth`=GREATEST(0, survivalHealth - 20),`updatedAt`=? WHERE `roomId` = ?
[2026-10-01T17:03:25.305Z] Executing (default): SELECT `id`, `badgesEarned`, `survivalHealth`, `accumulatedEnglishScore`, `createdAt`, `updatedAt`, `playerId`, `roomId`, `endingId`, `currentScenarioId` FROM `GameSessions` AS `GameSession` WHERE `GameSession`.`roomId` = 43 LIMIT 1;
[2026-10-01T17:03:34.316Z] Executing (default): SELECT `id`, `situationTextEn`, `correctAnswerPattern`, `wrongAnswer`, `feedbackText`, `targetPlayer`, `stepIndex`, `scenarioId` FROM `DialogueNodes` AS `DialogueNode` WHERE `DialogueNode`.`id` = 133;
[2026-10-01T17:03:34.327Z] Executing (default): UPDATE `GameSessions` SET `accumulatedEnglishScore`=accumulatedEnglishScore + 10,`updatedAt`=? WHERE `roomId` = ? AND `playerId` = ?
[2026-10-01T17:03:34.339Z] Executing (default): SELECT `id`, `situationTextEn`, `correctAnswerPattern`, `wrongAnswer`, `feedbackText`, `targetPlayer`, `stepIndex`, `scenarioId` FROM `DialogueNodes` AS `DialogueNode` WHERE `DialogueNode`.`scenarioId` = 1 AND `DialogueNode`.`stepIndex` = 2 LIMIT 1;
[2026-10-01T17:03:34.354Z] Executing (default): SELECT `RoomPlayer`.`id`, `RoomPlayer`.`groupRole`, `RoomPlayer`.`createdAt`, `RoomPlayer`.`updatedAt`, `RoomPlayer`.`roomId`, `RoomPlayer`.`playerId`, `Player`.`id` AS `Player.id`, `Player`.`username` AS `Player.username`, `Player`.`name` AS `Player.name` FROM `RoomPlayers` AS `RoomPlayer` LEFT OUTER JOIN `Players` AS `Player` ON `RoomPlayer`.`playerId` = `Player`.`id` WHERE `RoomPlayer`.`roomId` = 43 ORDER BY `RoomPlayer`.`createdAt` ASC;
[2026-10-01T17:04:16.013Z] Executing (default): SELECT `id`, `situationTextEn`, `correctAnswerPattern`, `wrongAnswer`, `feedbackText`, `targetPlayer`, `stepIndex`, `scenarioId` FROM `DialogueNodes` AS `DialogueNode` WHERE `DialogueNode`.`id` = 134;
[2026-10-01T17:04:16.019Z] Executing (default): UPDATE `GameSessions` SET `accumulatedEnglishScore`=accumulatedEnglishScore + 10,`updatedAt`=? WHERE `roomId` = ? AND `playerId` = ?
[2026-10-01T17:04:16.025Z] Executing (default): SELECT `id`, `situationTextEn`, `correctAnswerPattern`, `wrongAnswer`, `feedbackText`, `targetPlayer`, `stepIndex`, `scenarioId` FROM `DialogueNodes` AS `DialogueNode` WHERE `DialogueNode`.`scenarioId` = 1 AND `DialogueNode`.`stepIndex` = 3 LIMIT 1;
[2026-10-01T17:04:16.034Z] Executing (default): SELECT `RoomPlayer`.`id`, `RoomPlayer`.`groupRole`, `RoomPlayer`.`createdAt`, `RoomPlayer`.`updatedAt`, `RoomPlayer`.`roomId`, `RoomPlayer`.`playerId`, `Player`.`id` AS `Player.id`, `Player`.`username` AS `Player.username`, `Player`.`name` AS `Player.name` FROM `RoomPlayers` AS `RoomPlayer` LEFT OUTER JOIN `Players` AS `Player` ON `RoomPlayer`.`playerId` = `Player`.`id` WHERE `RoomPlayer`.`roomId` = 43 ORDER BY `RoomPlayer`.`createdAt` ASC;
[2026-10-01T17:04:24.864Z] Executing (default): SELECT `id`, `situationTextEn`, `correctAnswerPattern`, `wrongAnswer`, `feedbackText`, `targetPlayer`, `stepIndex`, `scenarioId` FROM `DialogueNodes` AS `DialogueNode` WHERE `DialogueNode`.`id` = 135;
[2026-10-01T17:04:24.871Z] Executing (default): UPDATE `GameSessions` SET `accumulatedEnglishScore`=accumulatedEnglishScore + 10,`updatedAt`=? WHERE `roomId` = ? AND `playerId` = ?
[2026-10-01T17:04:24.878Z] Executing (default): SELECT `id`, `situationTextEn`, `correctAnswerPattern`, `wrongAnswer`, `feedbackText`, `targetPlayer`, `stepIndex`, `scenarioId` FROM `DialogueNodes` AS `DialogueNode` WHERE `DialogueNode`.`scenarioId` = 1 AND `DialogueNode`.`stepIndex` = 4 LIMIT 1;
[2026-10-01T17:04:24.887Z] Executing (default): SELECT `RoomPlayer`.`id`, `RoomPlayer`.`groupRole`, `RoomPlayer`.`createdAt`, `RoomPlayer`.`updatedAt`, `RoomPlayer`.`roomId`, `RoomPlayer`.`playerId`, `Player`.`id` AS `Player.id`, `Player`.`username` AS `Player.username`, `Player`.`name` AS `Player.name` FROM `RoomPlayers` AS `RoomPlayer` LEFT OUTER JOIN `Players` AS `Player` ON `RoomPlayer`.`playerId` = `Player`.`id` WHERE `RoomPlayer`.`roomId` = 43 ORDER BY `RoomPlayer`.`createdAt` ASC;
[2026-10-01T17:04:37.630Z] Executing (default): SELECT `id`, `situationTextEn`, `correctAnswerPattern`, `wrongAnswer`, `feedbackText`, `targetPlayer`, `stepIndex`, `scenarioId` FROM `DialogueNodes` AS `DialogueNode` WHERE `DialogueNode`.`id` = 136;
[2026-10-01T17:04:37.637Z] Executing (default): UPDATE `GameSessions` SET `accumulatedEnglishScore`=accumulatedEnglishScore + 10,`updatedAt`=? WHERE `roomId` = ? AND `playerId` = ?
[2026-10-01T17:04:37.646Z] Executing (default): SELECT `id`, `situationTextEn`, `correctAnswerPattern`, `wrongAnswer`, `feedbackText`, `targetPlayer`, `stepIndex`, `scenarioId` FROM `DialogueNodes` AS `DialogueNode` WHERE `DialogueNode`.`scenarioId` = 1 AND `DialogueNode`.`stepIndex` = 5 LIMIT 1;
[2026-10-01T17:05:01.092Z] ⚠️ Estudiante "Alison Cruz" desconectado por micro-corte. Dando 10s para reconectarse...
[2026-10-01T17:05:01.092Z] ❌ Usuario desconectado (Socket: s0axkH7J6OttozY2AABt, User ID: 9) - Razón: transport close
[2026-10-01T17:05:11.093Z] ❌ Estudiante "Alison Cruz" no se reconectó a tiempo. Removiendo de la sala T0ITGK.
[2026-10-01T17:05:40.003Z] 🔌 WebSocket conectado:
[2026-10-01T17:05:40.004Z]    - Socket ID: _HxyrtyoJGFPEyTXAABz
[2026-10-01T17:05:40.004Z]    - Usuario: Ali
[2026-10-01T17:05:40.004Z]    - Rol: player
[2026-10-01T17:05:40.004Z]    - Identidad: Player ID: 9
[2026-10-01T17:05:40.073Z] Executing (a150e4ea-8e59-4049-b3d9-a2bde5e9c988): START TRANSACTION;
[2026-10-01T17:05:40.077Z] Executing (a150e4ea-8e59-4049-b3d9-a2bde5e9c988): SELECT `id`, `groupRole`, `createdAt`, `updatedAt`, `roomId`, `playerId` FROM `RoomPlayers` AS `RoomPlayer` WHERE `RoomPlayer`.`roomId` = 43 AND `RoomPlayer`.`playerId` = 9 LIMIT 1;
[2026-10-01T17:05:40.082Z] Executing (a150e4ea-8e59-4049-b3d9-a2bde5e9c988): COMMIT;
[2026-10-01T17:05:40.085Z] ℹ️ Registro de estudiante ID 9 ya existía en RoomPlayer para la sala DB 43
[2026-10-01T17:05:40.086Z] 🎮 Jugador "Alison Cruz" (Total: 3/4) activo en sala: T0ITGK
[2026-10-01T17:06:20.620Z] ⚠️ Estudiante "Alison Cruz" desconectado por micro-corte. Dando 10s para reconectarse...
[2026-10-01T17:06:20.620Z] ❌ Usuario desconectado (Socket: _HxyrtyoJGFPEyTXAABz, User ID: 9) - Razón: transport close
[2026-10-01T17:06:30.621Z] ❌ Estudiante "Alison Cruz" no se reconectó a tiempo. Removiendo de la sala T0ITGK.
[2026-10-01T17:06:48.750Z] ⚠️ Estudiante "Nancy" desconectado por micro-corte. Dando 10s para reconectarse...
[2026-10-01T17:06:48.752Z] ❌ Usuario desconectado (Socket: 8BqHzp4gm1Vse3oJAABf, User ID: 8) - Razón: transport close
[2026-10-01T17:06:49.625Z] 🔌 WebSocket conectado:
[2026-10-01T17:06:49.625Z]    - Socket ID: NAp3VkFPiJ3V9kW0AAB1
[2026-10-01T17:06:49.625Z]    - Usuario: Nancy123
[2026-10-01T17:06:49.625Z]    - Rol: player
[2026-10-01T17:06:49.625Z]    - Identidad: Player ID: 8
[2026-10-01T17:06:49.644Z] 🔄 Reconectando a "Nancy" (Nuevo Socket: NAp3VkFPiJ3V9kW0AAB1). Conserva isReady = true
[2026-10-01T17:06:49.644Z] 🎮 Jugador "Nancy" (Total: 2/4) activo en sala: T0ITGK
[2026-10-01T17:07:00.143Z] ❌ Usuario desconectado (Socket: VFFf-7DCV5MTkM96AABx, User ID: 5) - Razón: transport close
[2026-10-01T17:07:00.856Z] 🔌 WebSocket conectado:
[2026-10-01T17:07:00.856Z]    - Socket ID: kzQpuSQ30CgdKsa_AAB3
[2026-10-01T17:07:00.856Z]    - Usuario: nan123
[2026-10-01T17:07:00.857Z]    - Rol: teacher
[2026-10-01T17:07:00.857Z]    - Identidad: Teacher ID: 5
[2026-10-01T17:07:04.741Z] ⚠️ Profesor desconectado temporalmente (Socket: bXZZlhWF6b_DaXkhAABj). Esperando 10s antes de cerrar sala...
[2026-10-01T17:07:04.741Z] ❌ Usuario desconectado (Socket: bXZZlhWF6b_DaXkhAABj, User ID: 7) - Razón: transport close
[2026-10-01T17:07:04.834Z] 🔌 WebSocket conectado:
[2026-10-01T17:07:04.834Z]    - Socket ID: czM5Yh-QK4ZDQphSAAB5
[2026-10-01T17:07:04.834Z]    - Usuario: sofiprof
[2026-10-01T17:07:04.834Z]    - Rol: teacher
[2026-10-01T17:07:04.834Z]    - Identidad: Teacher ID: 7
[2026-10-01T17:07:14.742Z] ❌ El profesor no regresó. Cerrando sala T0ITGK...
[2026-10-01T17:07:45.186Z] ❌ Usuario desconectado (Socket: kzQpuSQ30CgdKsa_AAB3, User ID: 5) - Razón: transport close
[2026-10-01T20:02:42.286Z] ❌ Usuario desconectado (Socket: KOyfw-hchbMoNYKoAAAr, User ID: 6) - Razón: ping timeout
[2026-10-01T20:03:13.178Z] ❌ Usuario desconectado (Socket: NAp3VkFPiJ3V9kW0AAB1, User ID: 8) - Razón: ping timeout
[2026-10-01T20:03:14.403Z] ❌ Usuario desconectado (Socket: czM5Yh-QK4ZDQphSAAB5, User ID: 7) - Razón: ping timeout
